Archive member included because of file (symbol)

libbb/lib.a(appletlib.o)      /data/xiaoning/RealTek/HN120/toolchain/msdk-4.4.7-mips-EL-3.10-u0.9.33-m32t-140827/bin/../lib/gcc/mips-linux-uclibc/4.4.7/../../../../mips-linux-uclibc/lib/crt1.o (main)
libbb/lib.a(bb_basename.o)    libbb/lib.a(appletlib.o) (bb_basename)
libbb/lib.a(default_error_retval.o)
                              libbb/lib.a(appletlib.o) (xfunc_error_retval)
libbb/lib.a(error_msg_and_die.o)
                              libbb/lib.a(appletlib.o) (bb_error_msg_and_die)
libbb/lib.a(full_write.o)     libbb/lib.a(appletlib.o) (full_write)
libbb/lib.a(get_last_path_component.o)
                              libbb/lib.a(appletlib.o) (bb_get_last_path_component_nostrip)
libbb/lib.a(last_char_is.o)   libbb/lib.a(get_last_path_component.o) (last_char_is)
libbb/lib.a(messages.o)       libbb/lib.a(appletlib.o) (bb_banner)
libbb/lib.a(ptr_to_globals.o)
                              libbb/lib.a(appletlib.o) (bb_errno)
libbb/lib.a(safe_write.o)     libbb/lib.a(full_write.o) (safe_write)
libbb/lib.a(verror_msg.o)     libbb/lib.a(error_msg_and_die.o) (bb_verror_msg)
libbb/lib.a(xfunc_die.o)      libbb/lib.a(appletlib.o) (xfunc_die)
libbb/lib.a(xfuncs_printf.o)  libbb/lib.a(appletlib.o) (xsetuid)
libbb/lib.a(copyfd.o)         libbb/lib.a(xfuncs_printf.o) (bb_copyfd_eof)
libbb/lib.a(error_msg.o)      libbb/lib.a(xfuncs_printf.o) (bb_error_msg)
libbb/lib.a(perror_msg.o)     libbb/lib.a(xfuncs_printf.o) (bb_perror_msg)
libbb/lib.a(perror_msg_and_die.o)
                              libbb/lib.a(xfuncs_printf.o) (bb_perror_msg_and_die)
libbb/lib.a(read.o)           libbb/lib.a(copyfd.o) (safe_read)
libbb/lib.a(safe_poll.o)      libbb/lib.a(read.o) (safe_poll)
loginutils/lib.a(login.o)     libbb/lib.a(appletlib.o) (login_main)
modutils/lib.a(depmod.o)      libbb/lib.a(appletlib.o) (depmod_main)
modutils/lib.a(insmod.o)      libbb/lib.a(appletlib.o) (insmod_main)
modutils/lib.a(lsmod.o)       libbb/lib.a(appletlib.o) (lsmod_main)
modutils/lib.a(modprobe.o)    libbb/lib.a(appletlib.o) (modprobe_main)
modutils/lib.a(modutils.o)    modutils/lib.a(modprobe.o) (bb_delete_module)
modutils/lib.a(rmmod.o)       libbb/lib.a(appletlib.o) (rmmod_main)
networking/lib.a(hostname.o)  libbb/lib.a(appletlib.o) (hostname_main)
networking/lib.a(ifconfig.o)  libbb/lib.a(appletlib.o) (ifconfig_main)
networking/lib.a(interface.o)
                              networking/lib.a(ifconfig.o) (display_interfaces)
networking/lib.a(ip.o)        libbb/lib.a(appletlib.o) (ip_main)
networking/lib.a(ping.o)      libbb/lib.a(appletlib.o) (ping_main)
networking/lib.a(route.o)     libbb/lib.a(appletlib.o) (route_main)
networking/lib.a(telnetd.o)   libbb/lib.a(appletlib.o) (telnetd_main)
networking/lib.a(tftp.o)      libbb/lib.a(appletlib.o) (tftp_main)
networking/lib.a(traceroute.o)
                              libbb/lib.a(appletlib.o) (traceroute_main)
networking/lib.a(vconfig.o)   libbb/lib.a(appletlib.o) (vconfig_main)
networking/libiproute/lib.a(ip_parse_common_args.o)
                              networking/lib.a(ip.o) (ip_parse_common_args)
networking/libiproute/lib.a(iptunnel.o)
                              networking/lib.a(ip.o) (do_iptunnel)
networking/libiproute/lib.a(rt_names.o)
                              networking/libiproute/lib.a(iptunnel.o) (rtnl_dsfield_a2n)
networking/libiproute/lib.a(utils.o)
                              networking/libiproute/lib.a(iptunnel.o) (format_host)
procps/lib.a(free.o)          libbb/lib.a(appletlib.o) (free_main)
procps/lib.a(kill.o)          libbb/lib.a(appletlib.o) (kill_main)
procps/lib.a(ps.o)            libbb/lib.a(appletlib.o) (ps_main)
procps/lib.a(renice.o)        libbb/lib.a(appletlib.o) (renice_main)
procps/lib.a(top.o)           libbb/lib.a(appletlib.o) (top_main)
procps/lib.a(uptime.o)        libbb/lib.a(appletlib.o) (uptime_main)
shell/lib.a(ash.o)            libbb/lib.a(appletlib.o) (ash_main)
shell/lib.a(ash_ptr_hack.o)   shell/lib.a(ash.o) (ash_ptr_to_globals_misc)
sysklogd/lib.a(klogd.o)       libbb/lib.a(appletlib.o) (klogd_main)
sysklogd/lib.a(syslogd_and_logger.o)
                              libbb/lib.a(appletlib.o) (syslogd_main)
util-linux/lib.a(mount.o)     libbb/lib.a(appletlib.o) (mount_main)
util-linux/lib.a(umount.o)    libbb/lib.a(appletlib.o) (umount_main)
archival/lib.a(bbunzip.o)     libbb/lib.a(appletlib.o) (bunzip2_main)
archival/libunarchive/lib.a(decompress_bunzip2.o)
                              archival/lib.a(bbunzip.o) (unpack_bz2_stream_prime)
coreutils/lib.a(cat.o)        libbb/lib.a(appletlib.o) (cat_main)
coreutils/lib.a(chmod.o)      libbb/lib.a(appletlib.o) (chmod_main)
coreutils/lib.a(cp.o)         libbb/lib.a(appletlib.o) (cp_main)
coreutils/lib.a(cut.o)        libbb/lib.a(appletlib.o) (cut_main)
coreutils/lib.a(date.o)       libbb/lib.a(appletlib.o) (date_main)
coreutils/lib.a(echo.o)       libbb/lib.a(appletlib.o) (echo_main)
coreutils/lib.a(expr.o)       libbb/lib.a(appletlib.o) (expr_main)
[...]
Memory Configuration

Name             Origin             Length             Attributes
*default*        0x0000000000000000 0xffffffffffffffff

Linker script and memory map

LOAD /data/xiaoning/RealTek/HN120/toolchain/msdk-4.4.7-mips-EL-3.10-u0.9.33-m32t-140827/bin/../lib/gcc/mips-linux-uclibc/4.4.7/../../../../mips-linux-uclibc/lib/crt1.o
LOAD /data/xiaoning/RealTek/HN120/toolchain/msdk-4.4.7-mips-EL-3.10-u0.9.33-m32t-140827/bin/../lib/gcc/mips-linux-uclibc/4.4.7/../../../../mips-linux-uclibc/lib/crti.o
LOAD /data/xiaoning/RealTek/HN120/toolchain/msdk-4.4.7-mips-EL-3.10-u0.9.33-m32t-140827/bin/../lib/gcc/mips-linux-uclibc/4.4.7/soft-float/el/crtbegin.o
START GROUP
LOAD applets/built-in.o
LOAD archival/lib.a
LOAD archival/libunarchive/lib.a
LOAD console-tools/lib.a
LOAD coreutils/lib.a
LOAD coreutils/libcoreutils/lib.a
LOAD debianutils/lib.a
LOAD e2fsprogs/lib.a
LOAD editors/lib.a
LOAD findutils/lib.a
LOAD init/lib.a
LOAD libbb/lib.a
LOAD libpwdgrp/lib.a
LOAD loginutils/lib.a
LOAD mailutils/lib.a
LOAD miscutils/lib.a
LOAD modutils/lib.a
LOAD networking/lib.a
LOAD networking/libiproute/lib.a
LOAD networking/udhcp/lib.a
LOAD printutils/lib.a
LOAD procps/lib.a
LOAD runit/lib.a
LOAD selinux/lib.a
LOAD shell/lib.a
LOAD sysklogd/lib.a
LOAD util-linux/lib.a
LOAD util-linux/volume_id/lib.a
LOAD archival/built-in.o
LOAD archival/libunarchive/built-in.o
LOAD console-tools/built-in.o
LOAD coreutils/built-in.o
LOAD coreutils/libcoreutils/built-in.o
LOAD debianutils/built-in.o
LOAD e2fsprogs/built-in.o
LOAD editors/built-in.o
LOAD findutils/built-in.o
LOAD init/built-in.o
LOAD libbb/built-in.o
LOAD libpwdgrp/built-in.o
LOAD loginutils/built-in.o
LOAD mailutils/built-in.o
LOAD miscutils/built-in.o
LOAD modutils/built-in.o
LOAD networking/built-in.o
LOAD networking/libiproute/built-in.o
LOAD networking/udhcp/built-in.o
LOAD printutils/built-in.o
LOAD procps/built-in.o
LOAD runit/built-in.o
LOAD selinux/built-in.o
LOAD shell/built-in.o
LOAD sysklogd/built-in.o
LOAD util-linux/built-in.o
LOAD util-linux/volume_id/built-in.o
END GROUP
START GROUP
LOAD /data/xiaoning/RealTek/HN120/toolchain/msdk-4.4.7-mips-EL-3.10-u0.9.33-m32t-140827/bin/../lib/gcc/mips-linux-uclibc/4.4.7/../../../../mips-linux-uclibc/lib/libcrypt.so
LOAD /data/xiaoning/RealTek/HN120/toolchain/msdk-4.4.7-mips-EL-3.10-u0.9.33-m32t-140827/bin/../lib/gcc/mips-linux-uclibc/4.4.7/../../../../mips-linux-uclibc/lib/libm.so
END GROUP
LOAD /data/xiaoning/RealTek/HN120/toolchain/msdk-4.4.7-mips-EL-3.10-u0.9.33-m32t-140827/bin/../lib/gcc/mips-linux-uclibc/4.4.7/soft-float/el/libgcc.a
LOAD /data/xiaoning/RealTek/HN120/toolchain/msdk-4.4.7-mips-EL-3.10-u0.9.33-m32t-140827/bin/../lib/gcc/mips-linux-uclibc/4.4.7/soft-float/el/libgcc_eh.a
LOAD /data/xiaoning/RealTek/HN120/toolchain/msdk-4.4.7-mips-EL-3.10-u0.9.33-m32t-140827/bin/../lib/gcc/mips-linux-uclibc/4.4.7/../../../../mips-linux-uclibc/lib/libc.so
START GROUP
LOAD /data/xiaoning/RealTek/HN120/toolchain/msdk-4.4.7-mips-EL-3.10-u0.9.33-m32t-140827/bin/../lib/gcc/mips-linux-uclibc/4.4.7/../../../../mips-linux-uclibc/lib/libc.so.0
LOAD /data/xiaoning/RealTek/HN120/toolchain/msdk-4.4.7-mips-EL-3.10-u0.9.33-m32t-140827/bin/../lib/gcc/mips-linux-uclibc/4.4.7/../../../../mips-linux-uclibc/lib/uclibc_nonshared.a
LOAD /data/xiaoning/RealTek/HN120/toolchain/msdk-4.4.7-mips-EL-3.10-u0.9.33-m32t-140827/bin/../lib/gcc/mips-linux-uclibc/4.4.7/../../../../mips-linux-uclibc/lib/ld-uClibc.so.0
END GROUP
START GROUP
LOAD /data/xiaoning/RealTek/HN120/toolchain/msdk-4.4.7-mips-EL-3.10-u0.9.33-m32t-140827/bin/../lib/gcc/mips-linux-uclibc/4.4.7/../../../../mips-linux-uclibc/lib/libubacktrace.so.0
END GROUP
LOAD /data/xiaoning/RealTek/HN120/toolchain/msdk-4.4.7-mips-EL-3.10-u0.9.33-m32t-140827/bin/../lib/gcc/mips-linux-uclibc/4.4.7/soft-float/el/libgcc.a
LOAD /data/xiaoning/RealTek/HN120/toolchain/msdk-4.4.7-mips-EL-3.10-u0.9.33-m32t-140827/bin/../lib/gcc/mips-linux-uclibc/4.4.7/soft-float/el/libgcc_eh.a
LOAD /data/xiaoning/RealTek/HN120/toolchain/msdk-4.4.7-mips-EL-3.10-u0.9.33-m32t-140827/bin/../lib/gcc/mips-linux-uclibc/4.4.7/soft-float/el/crtend.o
LOAD /data/xiaoning/RealTek/HN120/toolchain/msdk-4.4.7-mips-EL-3.10-u0.9.33-m32t-140827/bin/../lib/gcc/mips-linux-uclibc/4.4.7/../../../../mips-linux-uclibc/lib/crtn.o
                0x0000000000400000                PROVIDE (__executable_start, 0x400000)
                0x0000000000400134                . = (0x400000 + SIZEOF_HEADERS)

.interp         0x0000000000400134       0x14
 *(SORT(.interp))
 .interp        0x0000000000400134       0x14 /data/xiaoning/RealTek/HN120/toolchain/msdk-4.4.7-mips-EL-3.10-u0.9.33-m32t-140827/bin/../lib/gcc/mips-linux-uclibc/4.4.7/../../../../mips-linux-uclibc/lib/crt1.o

.reginfo
 *(SORT(.reginfo))

.note.gnu.build-id
 *(SORT(.note.gnu.build-id))

.dynamic        0x0000000000400148      0x108
 *(SORT(.dynamic))
 .dynamic       0x0000000000400148      0x108 /data/xiaoning/RealTek/HN120/toolchain/msdk-4.4.7-mips-EL-3.10-u0.9.33-m32t-140827/bin/../lib/gcc/mips-linux-uclibc/4.4.7/../../../../mips-linux-uclibc/lib/crt1.o
                0x0000000000400148                _DYNAMIC

.hash           0x0000000000400250      0x878
 *(SORT(.hash))
 .hash          0x0000000000400250      0x878 /data/xiaoning/RealTek/HN120/toolchain/msdk-4.4.7-mips-EL-3.10-u0.9.33-m32t-140827/bin/../lib/gcc/mips-linux-uclibc/4.4.7/../../../../mips-linux-uclibc/lib/crt1.o

.gnu.hash
 *(SORT(.gnu.hash))

.dynsym         0x0000000000400ac8     0x1150
 *(SORT(.dynsym))
 .dynsym        0x0000000000400ac8     0x1150 /data/xiaoning/RealTek/HN120/toolchain/msdk-4.4.7-mips-EL-3.10-u0.9.33-m32t-140827/bin/../lib/gcc/mips-linux-uclibc/4.4.7/../../../../mips-linux-uclibc/lib/crt1.o

.dynstr         0x0000000000401c18      0x809
 *(SORT(.dynstr))
 .dynstr        0x0000000000401c18      0x809 /data/xiaoning/RealTek/HN120/toolchain/msdk-4.4.7-mips-EL-3.10-u0.9.33-m32t-140827/bin/../lib/gcc/mips-linux-uclibc/4.4.7/../../../../mips-linux-uclibc/lib/crt1.o

.gnu.version    0x0000000000402422        0x0
 *(SORT(.gnu.version))
 .gnu.version   0x0000000000000000        0x0 /data/xiaoning/RealTek/HN120/toolchain/msdk-4.4.7-mips-EL-3.10-u0.9.33-m32t-140827/bin/../lib/gcc/mips-linux-uclibc/4.4.7/../../../../mips-linux-uclibc/lib/crt1.o

.gnu.version_d  0x0000000000402424        0x0
 *(SORT(.gnu.version_d))
 .gnu.version_d
                0x0000000000000000        0x0 /data/xiaoning/RealTek/HN120/toolchain/msdk-4.4.7-mips-EL-3.10-u0.9.33-m32t-140827/bin/../lib/gcc/mips-linux-uclibc/4.4.7/../../../../mips-linux-uclibc/lib/crt1.o

.gnu.version_r  0x0000000000402424        0x0
 *(SORT(.gnu.version_r))
 .gnu.version_r
                0x0000000000000000        0x0 /data/xiaoning/RealTek/HN120/toolchain/msdk-4.4.7-mips-EL-3.10-u0.9.33-m32t-140827/bin/../lib/gcc/mips-linux-uclibc/4.4.7/../../../../mips-linux-uclibc/lib/crt1.o

.rel.dyn        0x0000000000402424       0x58
 *(SORT(.rel.init))
 *(SORT(.rel.text) SORT(.rel.text.*) SORT(.rel.gnu.linkonce.t.*))
 *(SORT(.rel.fini))
 *(SORT(.rel.rodata) SORT(.rel.rodata.*) SORT(.rel.gnu.linkonce.r.*))
 *(SORT(.rel.data.rel.ro) SORT(.rel.data.rel.ro.*) SORT(.rel.gnu.linkonce.d.rel.ro.*))
 *(SORT(.rel.data) SORT(.rel.data.*) SORT(.rel.gnu.linkonce.d.*))
 *(SORT(.rel.tdata) SORT(.rel.tdata.*) SORT(.rel.gnu.linkonce.td.*))
 *(SORT(.rel.tbss) SORT(.rel.tbss.*) SORT(.rel.gnu.linkonce.tb.*))
 *(SORT(.rel.ctors))
 *(SORT(.rel.dtors))
 *(SORT(.rel.got))
 *(SORT(.rel.dyn))
 .rel.dyn       0x0000000000402424       0x58 /data/xiaoning/RealTek/HN120/toolchain/msdk-4.4.7-mips-EL-3.10-u0.9.33-m32t-140827/bin/../lib/gcc/mips-linux-uclibc/4.4.7/../../../../mips-linux-uclibc/lib/crt1.o
 *(SORT(.rel.sdata) SORT(.rel.sdata.*) SORT(.rel.gnu.linkonce.s.*))
 *(SORT(.rel.sbss) SORT(.rel.sbss.*) SORT(.rel.gnu.linkonce.sb.*))
 *(SORT(.rel.sdata2) SORT(.rel.sdata2.*) SORT(.rel.gnu.linkonce.s2.*))
 *(SORT(.rel.sbss2) SORT(.rel.sbss2.*) SORT(.rel.gnu.linkonce.sb2.*))
 *(SORT(.rel.bss) SORT(.rel.bss.*) SORT(.rel.gnu.linkonce.b.*))
 .rel.bss       0x0000000000000000        0x0 /data/xiaoning/RealTek/HN120/toolchain/msdk-4.4.7-mips-EL-3.10-u0.9.33-m32t-140827/bin/../lib/gcc/mips-linux-uclibc/4.4.7/../../../../mips-linux-uclibc/lib/crt1.o
                0x000000000040247c                PROVIDE (__rel_iplt_start, .)
 *(SORT(.rel.iplt))
                0x000000000040247c                PROVIDE (__rel_iplt_end, .)
                0x000000000040247c                PROVIDE (__rela_iplt_start, .)
                0x000000000040247c                PROVIDE (__rela_iplt_end, .)

.rela.dyn       0x000000000040247c        0x0
 *(SORT(.rela.init))
 *(SORT(.rela.text) SORT(.rela.text.*) SORT(.rela.gnu.linkonce.t.*))
 *(SORT(.rela.fini))
 *(SORT(.rela.rodata) SORT(.rela.rodata.*) SORT(.rela.gnu.linkonce.r.*))
 *(SORT(.rela.data) SORT(.rela.data.*) SORT(.rela.gnu.linkonce.d.*))
 *(SORT(.rela.tdata) SORT(.rela.tdata.*) SORT(.rela.gnu.linkonce.td.*))
 *(SORT(.rela.tbss) SORT(.rela.tbss.*) SORT(.rela.gnu.linkonce.tb.*))
 *(SORT(.rela.ctors))
 *(SORT(.rela.dtors))
 *(SORT(.rela.got))
 *(SORT(.rela.sdata) SORT(.rela.sdata.*) SORT(.rela.gnu.linkonce.s.*))
 *(SORT(.rela.sbss) SORT(.rela.sbss.*) SORT(.rela.gnu.linkonce.sb.*))
 *(SORT(.rela.sdata2) SORT(.rela.sdata2.*) SORT(.rela.gnu.linkonce.s2.*))
 *(SORT(.rela.sbss2) SORT(.rela.sbss2.*) SORT(.rela.gnu.linkonce.sb2.*))
 *(SORT(.rela.bss) SORT(.rela.bss.*) SORT(.rela.gnu.linkonce.b.*))
                0x000000000040247c                PROVIDE (__rel_iplt_start, .)
                0x000000000040247c                PROVIDE (__rel_iplt_end, .)
                0x000000000040247c                PROVIDE (__rela_iplt_start, .)
 *(SORT(.rela.iplt))
                0x000000000040247c                PROVIDE (__rela_iplt_end, .)

.rel.plt        0x000000000040247c      0x7c8
 *(SORT(.rel.plt))
 .rel.plt       0x000000000040247c      0x7c8 /data/xiaoning/RealTek/HN120/toolchain/msdk-4.4.7-mips-EL-3.10-u0.9.33-m32t-140827/bin/../lib/gcc/mips-linux-uclibc/4.4.7/../../../../mips-linux-uclibc/lib/crt1.o

.rela.plt
 *(SORT(.rela.plt))

.init           0x0000000000402c44       0x48
 *(SORT(.init))
 .init          0x0000000000402c44       0x1c /data/xiaoning/RealTek/HN120/toolchain/msdk-4.4.7-mips-EL-3.10-u0.9.33-m32t-140827/bin/../lib/gcc/mips-linux-uclibc/4.4.7/../../../../mips-linux-uclibc/lib/crti.o
                0x0000000000402c44                _init
 .init          0x0000000000402c60       0x10 /data/xiaoning/RealTek/HN120/toolchain/msdk-4.4.7-mips-EL-3.10-u0.9.33-m32t-140827/bin/../lib/gcc/mips-linux-uclibc/4.4.7/soft-float/el/crtbegin.o
 .init          0x0000000000402c70       0x10 /data/xiaoning/RealTek/HN120/toolchain/msdk-4.4.7-mips-EL-3.10-u0.9.33-m32t-140827/bin/../lib/gcc/mips-linux-uclibc/4.4.7/soft-float/el/crtend.o
 .init          0x0000000000402c80        0xc /data/xiaoning/RealTek/HN120/toolchain/msdk-4.4.7-mips-EL-3.10-u0.9.33-m32t-140827/bin/../lib/gcc/mips-linux-uclibc/4.4.7/../../../../mips-linux-uclibc/lib/crtn.o

.plt            0x0000000000402ca0      0xfb0
 *(SORT(.plt))
 *fill*         0x0000000000402ca0        0x0 
 .plt           0x0000000000402ca0      0xfb0 /data/xiaoning/RealTek/HN120/toolchain/msdk-4.4.7-mips-EL-3.10-u0.9.33-m32t-140827/bin/../lib/gcc/mips-linux-uclibc/4.4.7/../../../../mips-linux-uclibc/lib/crt1.o
                0x0000000000402ca0                _PROCEDURE_LINKAGE_TABLE_
                0x0000000000402cc0                longjmp
                0x0000000000402cd0                strcpy
                0x0000000000402ce0                unsetenv
                0x0000000000402cf0                log
                0x0000000000402d00                sqrt
                0x0000000000402d10                waitpid
                0x0000000000402d20                getrlimit
                0x0000000000402d30                pause
                0x0000000000402d40                ioctl
                0x0000000000402d50                getgid
                0x0000000000402d60                popen
                0x0000000000402d70                sysconf
                0x0000000000402d80                printf
                0x0000000000402d90                utime
                0x0000000000402da0                connect
                0x0000000000402db0                sigemptyset
                0x0000000000402dc0                shmctl
                0x0000000000402dd0                strerror
                0x0000000000402de0                geteuid
                0x0000000000402df0                inet_pton
                0x0000000000402e00                memmove
                0x0000000000402e10                pclose
                0x0000000000402e20                snprintf
                0x0000000000402e30                mknod
                0x0000000000402e40                getgrgid
                0x0000000000402e50                times
                0x0000000000402e60                getenv
                0x0000000000402e70                fchmod
                0x0000000000402e80                getegid
                0x0000000000402e90                setpriority
                0x0000000000402ea0                getpriority
                0x0000000000402eb0                bsearch
                0x0000000000402ec0                usleep
                0x0000000000402ed0                execve
                0x0000000000402ee0                semget
                0x0000000000402ef0                getpagesize
                0x0000000000402f00                getpid
                0x0000000000402f10                qsort
                0x0000000000402f20                fchown
                0x0000000000402f30                fscanf
                0x0000000000402f40                fgets
                0x0000000000402f50                shmat
                0x0000000000402f60                memcpy
                0x0000000000402f70                readlink
                0x0000000000402f80                puts
                0x0000000000402f90                dup2
                0x0000000000402fa0                tcflush
                0x0000000000402fb0                tolower
                0x0000000000402fc0                getuid
                0x0000000000402fd0                semctl
                0x0000000000402fe0                system
                0x0000000000402ff0                feof
                0x0000000000403000                malloc
                0x0000000000403010                isatty
                0x0000000000403020                sleep
                0x0000000000403030                sysinfo
                0x0000000000403040                vsnprintf
                0x0000000000403050                recvfrom
                0x0000000000403060                tcdrain
                0x0000000000403070                strtoul
                0x0000000000403080                gethostbyaddr
                0x0000000000403090                rmdir
                0x00000000004030a0                socket
                0x00000000004030b0                select
                0x00000000004030c0                init_module
                0x00000000004030d0                readdir
                0x00000000004030e0                lchown
                0x00000000004030f0                delete_module
                0x0000000000403100                isspace
                0x0000000000403110                fflush
                0x0000000000403120                ftruncate
                0x0000000000403130                realpath
                0x0000000000403140                putenv
                0x0000000000403150                lseek
                0x0000000000403160                sigaddset
                0x0000000000403170                clearenv
                0x0000000000403180                chown
                0x0000000000403190                strncasecmp
                0x00000000004031a0                setpgid
                0x00000000004031b0                freeaddrinfo
                0x00000000004031c0                __fgetc_unlocked
                0x00000000004031d0                chmod
                0x00000000004031e0                getnameinfo
                0x00000000004031f0                isxdigit
                0x0000000000403200                alarm
                0x0000000000403210                strtol
                0x0000000000403220                pipe
                0x0000000000403230                getpgrp
                0x0000000000403240                uname
                0x0000000000403250                accept
                0x0000000000403260                rename
                0x0000000000403270                strrchr
                0x0000000000403280                setrlimit
                0x0000000000403290                strtod
                0x00000000004032a0                write
                0x00000000004032b0                fstat
                0x00000000004032c0                fprintf
                0x00000000004032d0                kill
                0x00000000004032e0                ctime
                0x00000000004032f0                strcat
                0x0000000000403300                bind
                0x0000000000403310                getmntent_r
                0x0000000000403320                inet_addr
                0x0000000000403330                vprintf
                0x0000000000403340                umount2
                0x0000000000403350                if_nametoindex
                0x0000000000403360                reboot
                0x0000000000403370                chdir
                0x0000000000403380                initgroups
                0x0000000000403390                shmdt
                0x00000000004033a0                endgrent
                0x00000000004033b0                setsockopt
                0x00000000004033c0                shmget
                0x00000000004033d0                cos
                0x00000000004033e0                memchr
                0x00000000004033f0                wait
                0x0000000000403400                umask
                0x0000000000403410                dprintf
                0x0000000000403420                mktime
                0x0000000000403430                lstat
                0x0000000000403440                ferror
                0x0000000000403450                strstr
                0x0000000000403460                unlockpt
                0x0000000000403470                sin
                0x0000000000403480                rand
                0x0000000000403490                setgid
                0x00000000004034a0                atan2
                0x00000000004034b0                signal
                0x00000000004034c0                read
                0x00000000004034d0                openlog
                0x00000000004034e0                closelog
                0x00000000004034f0                strncmp
                0x0000000000403500                sethostname
                0x0000000000403510                __cmsg_nxthdr
                0x0000000000403520                pow
                0x0000000000403530                strncpy
                0x0000000000403540                unlink
                0x0000000000403550                sync
                0x0000000000403560                setenv
                0x0000000000403570                strcasecmp
                0x0000000000403580                sendto
                0x0000000000403590                realloc
                0x00000000004035a0                strtok
                0x00000000004035b0                sigfillset
                0x00000000004035c0                memcmp
                0x00000000004035d0                listen
                0x00000000004035e0                crypt
                0x00000000004035f0                fork
                0x0000000000403600                sscanf
                0x0000000000403610                execv
                0x0000000000403620                setmntent
                0x0000000000403630                isalpha
                0x0000000000403640                sigaction
                0x0000000000403650                endmntent
                0x0000000000403660                killpg
                0x0000000000403670                fread
                0x0000000000403680                strdup
                0x0000000000403690                inet_aton
                0x00000000004036a0                regcomp
                0x00000000004036b0                symlink
                0x00000000004036c0                gettimeofday
                0x00000000004036d0                fopen
                0x00000000004036e0                getopt
                0x00000000004036f0                localtime
                0x0000000000403700                memset
                0x0000000000403710                fnmatch
                0x0000000000403720                srand
                0x0000000000403730                clearerr
                0x0000000000403740                fclose
                0x0000000000403750                grantpt
                0x0000000000403760                inet_ntoa
                0x0000000000403770                getppid
                0x0000000000403780                tcgetattr
                0x0000000000403790                regexec
                0x00000000004037a0                time
                0x00000000004037b0                opendir
                0x00000000004037c0                getgroups
                0x00000000004037d0                isgraph
                0x00000000004037e0                poll
                0x00000000004037f0                syslog
                0x0000000000403800                isalnum
                0x0000000000403810                exp
                0x0000000000403820                mount
                0x0000000000403830                strcmp
                0x0000000000403840                ttyname
                0x0000000000403850                getpwuid
                0x0000000000403860                __h_errno_location
                0x0000000000403870                dup
                0x0000000000403880                getcwd
                0x0000000000403890                gethostbyname
                0x00000000004038a0                strsignal
                0x00000000004038b0                getpwnam
                0x00000000004038c0                getservbyname
                0x00000000004038d0                fgetc
                0x00000000004038e0                sprintf
                0x00000000004038f0                difftime
                0x0000000000403900                strcspn
                0x0000000000403910                regerror
                0x0000000000403920                umount
                0x0000000000403930                vfork
                0x0000000000403940                strsep
                0x0000000000403950                fputc
                0x0000000000403960                hstrerror
                0x0000000000403970                getaddrinfo
                0x0000000000403980                strftime
                0x0000000000403990                stat
                0x00000000004039a0                access
                0x00000000004039b0                strptime
                0x00000000004039c0                freopen
                0x00000000004039d0                tcgetpgrp
                0x00000000004039e0                __errno_location
                0x00000000004039f0                link
                0x0000000000403a00                semop
                0x0000000000403a10                exit
                0x0000000000403a20                stime
                0x0000000000403a30                klogctl
                0x0000000000403a40                inet_ntop
                0x0000000000403a50                atoi
                0x0000000000403a60                fileno
                0x0000000000403a70                vsyslog
                0x0000000000403a80                _setjmp
                0x0000000000403a90                _exit
                0x0000000000403aa0                strspn
                0x0000000000403ab0                strlen
                0x0000000000403ac0                open
                0x0000000000403ad0                toupper
                0x0000000000403ae0                ptsname_r
                0x0000000000403af0                regfree
                0x0000000000403b00                div
                0x0000000000403b10                strchr
                0x0000000000403b20                fputs
                0x0000000000403b30                execvp
                0x0000000000403b40                setsid
                0x0000000000403b50                closedir
                0x0000000000403b60                vasprintf
                0x0000000000403b70                recvmsg
                0x0000000000403b80                strchrnul
                0x0000000000403b90                fcntl
                0x0000000000403ba0                setuid
                0x0000000000403bb0                tcsetattr
                0x0000000000403bc0                mkdir
                0x0000000000403bd0                close
                0x0000000000403be0                vfprintf
                0x0000000000403bf0                strpbrk
                0x0000000000403c00                tcsetpgrp
                0x0000000000403c10                raise
                0x0000000000403c20                free
                0x0000000000403c30                sigprocmask
                0x0000000000403c40                __fputc_unlocked

.iplt
 *(SORT(.iplt))

.text           0x0000000000403c50    0x34368
                0x0000000000403c50                _ftext = .
 *(SORT(.text.unlikely) SORT(.text.*_unlikely))
 *(SORT(.text.exit) SORT(.text.exit.*))
 *(SORT(.text.startup) SORT(.text.startup.*))
 *(SORT(.text.hot) SORT(.text.hot.*))
 *(SORT(.text) SORT(.stub) SORT(.text.*) SORT(.gnu.linkonce.t.*))
 .text          0x0000000000403c50       0x60 /data/xiaoning/RealTek/HN120/toolchain/msdk-4.4.7-mips-EL-3.10-u0.9.33-m32t-140827/bin/../lib/gcc/mips-linux-uclibc/4.4.7/../../../../mips-linux-uclibc/lib/crt1.o
                0x0000000000403c50                __start
 .text          0x0000000000403cb0      0x110 /data/xiaoning/RealTek/HN120/toolchain/msdk-4.4.7-mips-EL-3.10-u0.9.33-m32t-140827/bin/../lib/gcc/mips-linux-uclibc/4.4.7/soft-float/el/crtbegin.o
 .text.stub.3   0x0000000000403dc0       0x10 linker stubs
                0x0000000000403dc8                .pic.__bswapsi2
 .text          0x0000000000403dd0       0x30 /data/xiaoning/RealTek/HN120/toolchain/msdk-4.4.7-mips-EL-3.10-u0.9.33-m32t-140827/bin/../lib/gcc/mips-linux-uclibc/4.4.7/soft-float/el/libgcc.a(_bswapsi2.o)
                0x0000000000403dd0                __bswapsi2
 .text.stub.6   0x0000000000403e00       0x10 linker stubs
                0x0000000000403e08                .pic.__fixunsdfsi
 .text          0x0000000000403e10       0xb0 /data/xiaoning/RealTek/HN120/toolchain/msdk-4.4.7-mips-EL-3.10-u0.9.33-m32t-140827/bin/../lib/gcc/mips-linux-uclibc/4.4.7/soft-float/el/libgcc.a(_fixunsdfsi.o)
                0x0000000000403e10                __fixunsdfsi
 .text.stub.8   0x0000000000403ec0       0x10 linker stubs
                0x0000000000403ec8                .pic.__udivdi3
 .text          0x0000000000403ed0      0x430 /data/xiaoning/RealTek/HN120/toolchain/msdk-4.4.7-mips-EL-3.10-u0.9.33-m32t-140827/bin/../lib/gcc/mips-linux-uclibc/4.4.7/soft-float/el/libgcc.a(_udivdi3.o)
                0x0000000000403ed0                __udivdi3
 .text.stub.7   0x0000000000404300       0x10 linker stubs
                0x0000000000404308                .pic.__adddf3
 .text          0x0000000000404310      0x850 /data/xiaoning/RealTek/HN120/toolchain/msdk-4.4.7-mips-EL-3.10-u0.9.33-m32t-140827/bin/../lib/gcc/mips-linux-uclibc/4.4.7/soft-float/el/libgcc.a(adddf3.o)
                0x0000000000404310                __adddf3
 .text.stub.11  0x0000000000404b60       0x10 linker stubs
                0x0000000000404b68                .pic.__divdf3
 .text          0x0000000000404b70      0x660 /data/xiaoning/RealTek/HN120/toolchain/msdk-4.4.7-mips-EL-3.10-u0.9.33-m32t-140827/bin/../lib/gcc/mips-linux-uclibc/4.4.7/soft-float/el/libgcc.a(divdf3.o)
                0x0000000000404b70                __divdf3
 .text.stub.1   0x00000000004051d0       0x10 linker stubs
                0x00000000004051d8                .pic.__eqdf2
 .text          0x00000000004051e0       0x90 /data/xiaoning/RealTek/HN120/toolchain/msdk-4.4.7-mips-EL-3.10-u0.9.33-m32t-140827/bin/../lib/gcc/mips-linux-uclibc/4.4.7/soft-float/el/libgcc.a(eqdf2.o)
                0x00000000004051e0                __eqdf2
                0x00000000004051e0                __nedf2
 .text.stub.2   0x0000000000405270       0x10 linker stubs
                0x0000000000405278                .pic.__gtdf2
 .text          0x0000000000405280      0x110 /data/xiaoning/RealTek/HN120/toolchain/msdk-4.4.7-mips-EL-3.10-u0.9.33-m32t-140827/bin/../lib/gcc/mips-linux-uclibc/4.4.7/soft-float/el/libgcc.a(gedf2.o)
                0x0000000000405280                __gtdf2
                0x0000000000405280                __gedf2
 .text.stub.5   0x0000000000405390       0x10 linker stubs
                0x0000000000405398                .pic.__ltdf2
 .text          0x00000000004053a0      0x110 /data/xiaoning/RealTek/HN120/toolchain/msdk-4.4.7-mips-EL-3.10-u0.9.33-m32t-140827/bin/../lib/gcc/mips-linux-uclibc/4.4.7/soft-float/el/libgcc.a(ledf2.o)
                0x00000000004053a0                __ltdf2
                0x00000000004053a0                __ledf2
 .text.stub.12  0x00000000004054b0       0x10 linker stubs
                0x00000000004054b8                .pic.__muldf3
 .text          0x00000000004054c0      0x440 /data/xiaoning/RealTek/HN120/toolchain/msdk-4.4.7-mips-EL-3.10-u0.9.33-m32t-140827/bin/../lib/gcc/mips-linux-uclibc/4.4.7/soft-float/el/libgcc.a(muldf3.o)
                0x00000000004054c0                __muldf3
 .text.stub.13  0x0000000000405900       0x10 linker stubs
                0x0000000000405908                .pic.__subdf3
 .text          0x0000000000405910      0x870 /data/xiaoning/RealTek/HN120/toolchain/msdk-4.4.7-mips-EL-3.10-u0.9.33-m32t-140827/bin/../lib/gcc/mips-linux-uclibc/4.4.7/soft-float/el/libgcc.a(subdf3.o)
                0x0000000000405910                __subdf3
 .text.stub.10  0x0000000000406180       0x10 linker stubs
                0x0000000000406188                .pic.__fixdfsi
 .text          0x0000000000406190       0x80 /data/xiaoning/RealTek/HN120/toolchain/msdk-4.4.7-mips-EL-3.10-u0.9.33-m32t-140827/bin/../lib/gcc/mips-linux-uclibc/4.4.7/soft-float/el/libgcc.a(fixdfsi.o)
                0x0000000000406190                __fixdfsi
 .text.stub.4   0x0000000000406210       0x10 linker stubs
                0x0000000000406218                .pic.__floatsidf
 .text          0x0000000000406220       0x80 /data/xiaoning/RealTek/HN120/toolchain/msdk-4.4.7-mips-EL-3.10-u0.9.33-m32t-140827/bin/../lib/gcc/mips-linux-uclibc/4.4.7/soft-float/el/libgcc.a(floatsidf.o)
                0x0000000000406220                __floatsidf
 .text.stub.9   0x00000000004062a0       0x10 linker stubs
                0x00000000004062a8                .pic.__floatunsidf
 .text          0x00000000004062b0       0x60 /data/xiaoning/RealTek/HN120/toolchain/msdk-4.4.7-mips-EL-3.10-u0.9.33-m32t-140827/bin/../lib/gcc/mips-linux-uclibc/4.4.7/soft-float/el/libgcc.a(floatunsidf.o)
                0x00000000004062b0                __floatunsidf
 .text          0x0000000000406310       0x50 /data/xiaoning/RealTek/HN120/toolchain/msdk-4.4.7-mips-EL-3.10-u0.9.33-m32t-140827/bin/../lib/gcc/mips-linux-uclibc/4.4.7/soft-float/el/crtend.o
 .text.bb_show_usage
                0x0000000000406360       0x10 libbb/lib.a(appletlib.o)
                0x0000000000406360                bb_show_usage
 .text.full_write2_str
                0x0000000000406370       0x28 libbb/lib.a(appletlib.o)
 .text.applet_name_compare
                0x0000000000406398       0x30 libbb/lib.a(appletlib.o)
 .text.run_applet_no_and_exit
                0x00000000004063c8      0x120 libbb/lib.a(appletlib.o)
                0x00000000004063c8                run_applet_no_and_exit
 .text.lbb_prepare
                0x00000000004064e8       0x30 libbb/lib.a(appletlib.o)
                0x00000000004064e8                lbb_prepare
 .text.find_applet_by_name
                0x0000000000406518       0x50 libbb/lib.a(appletlib.o)
                0x0000000000406518                find_applet_by_name
 .text.run_applet_and_exit
                0x0000000000406568      0x194 libbb/lib.a(appletlib.o)
                0x0000000000406568                run_applet_and_exit
 .text.main     0x00000000004066fc       0x88 libbb/lib.a(appletlib.o)
                0x00000000004066fc                main
 .text.bb_basename
                0x0000000000406784       0x34 libbb/lib.a(bb_basename.o)
                0x0000000000406784                bb_basename
 .text.bb_error_msg_and_die
                0x00000000004067b8       0x30 libbb/lib.a(error_msg_and_die.o)
                0x00000000004067b8                bb_error_msg_and_die
 .text.full_write
                0x00000000004067e8       0x78 libbb/lib.a(full_write.o)
                0x00000000004067e8                full_write
 .text.bb_get_last_path_component_nostrip
                0x0000000000406860       0x4c libbb/lib.a(get_last_path_component.o)
                0x0000000000406860                bb_get_last_path_component_nostrip
 .text.bb_get_last_path_component_strip
                0x00000000004068ac       0x5c libbb/lib.a(get_last_path_component.o)
                0x00000000004068ac                bb_get_last_path_component_strip
 .text.last_char_is
                0x0000000000406908       0x58 libbb/lib.a(last_char_is.o)
                0x0000000000406908                last_char_is
 .text.safe_write
                0x0000000000406960       0x78 libbb/lib.a(safe_write.o)
                0x0000000000406960                safe_write
 .text.bb_verror_msg
                0x00000000004069d8      0x1cc libbb/lib.a(verror_msg.o)
                0x00000000004069d8                bb_verror_msg
 .text.xfunc_die
                0x0000000000406ba4       0x48 libbb/lib.a(xfunc_die.o)
                0x0000000000406ba4                xfunc_die
 .text.bb_xioctl
                0x0000000000406bec       0x2c libbb/lib.a(xfuncs_printf.o)
                0x0000000000406bec                bb_xioctl
 .text.bb_ioctl_or_warn
                0x0000000000406c18       0x34 libbb/lib.a(xfuncs_printf.o)
                0x0000000000406c18                bb_ioctl_or_warn
 .text.ioctl_or_perror_and_die
                0x0000000000406c4c       0x5c libbb/lib.a(xfuncs_printf.o)
                0x0000000000406c4c                ioctl_or_perror_and_die
 .text.xstat    0x0000000000406ca8       0x38 libbb/lib.a(xfuncs_printf.o)
                0x0000000000406ca8                xstat
 .text.xsendto  0x0000000000406ce0       0x38 libbb/lib.a(xfuncs_printf.o)
                0x0000000000406ce0                xsendto
 .text.xlisten  0x0000000000406d18       0x2c libbb/lib.a(xfuncs_printf.o)
                0x0000000000406d18                xlisten
 .text.xbind    0x0000000000406d44       0x2c libbb/lib.a(xfuncs_printf.o)
                0x0000000000406d44                xbind
 .text.xsocket  0x0000000000406d70       0x2c libbb/lib.a(xfuncs_printf.o)
                0x0000000000406d70                xsocket
 .text.xopendir
                0x0000000000406d9c       0x30 libbb/lib.a(xfuncs_printf.o)
                0x0000000000406d9c                xopendir
 .text.warn_opendir
                0x0000000000406dcc       0x38 libbb/lib.a(xfuncs_printf.o)
                0x0000000000406dcc                warn_opendir
 .text.xchdir   0x0000000000406e04       0x30 libbb/lib.a(xfuncs_printf.o)
                0x0000000000406e04                xchdir
 .text.xsetuid  0x0000000000406e34       0x2c libbb/lib.a(xfuncs_printf.o)
                0x0000000000406e34                xsetuid
 .text.xsetgid  0x0000000000406e60       0x2c libbb/lib.a(xfuncs_printf.o)
                0x0000000000406e60                xsetgid
 .text.xsetenv  0x0000000000406e8c       0x2c libbb/lib.a(xfuncs_printf.o)
                0x0000000000406e8c                xsetenv
 .text.xasprintf
                0x0000000000406eb8       0x4c libbb/lib.a(xfuncs_printf.o)
                0x0000000000406eb8                xasprintf
 .text.bb_putchar
                0x0000000000406f04       0x48 libbb/lib.a(xfuncs_printf.o)
                0x0000000000406f04                bb_putchar
 .text.die_if_ferror
                0x0000000000406f4c       0x30 libbb/lib.a(xfuncs_printf.o)
                0x0000000000406f4c                die_if_ferror
 .text.die_if_ferror_stdout
                0x0000000000406f7c       0x18 libbb/lib.a(xfuncs_printf.o)
                0x0000000000406f7c                die_if_ferror_stdout
 .text.xlseek   0x0000000000406f94       0x58 libbb/lib.a(xfuncs_printf.o)
                0x0000000000406f94                xlseek
 .text.xwrite   0x0000000000406fec       0x40 libbb/lib.a(xfuncs_printf.o)
                0x0000000000406fec                xwrite
 .text.xdup2    0x000000000040702c       0x34 libbb/lib.a(xfuncs_printf.o)
                0x000000000040702c                xdup2
 .text.xmove_fd
                0x0000000000407060       0x40 libbb/lib.a(xfuncs_printf.o)
                0x0000000000407060                xmove_fd
 .text.xunlink  0x00000000004070a0       0x30 libbb/lib.a(xfuncs_printf.o)
                0x00000000004070a0                xunlink
 .text.open3_or_warn
                0x00000000004070d0       0x40 libbb/lib.a(xfuncs_printf.o)
                0x00000000004070d0                open3_or_warn
 .text.open_or_warn
                0x0000000000407110        0xc libbb/lib.a(xfuncs_printf.o)
                0x0000000000407110                open_or_warn
 .text.xopen3   0x000000000040711c       0x38 libbb/lib.a(xfuncs_printf.o)
                0x000000000040711c                xopen3
 .text.xopen    0x0000000000407154        0xc libbb/lib.a(xfuncs_printf.o)
                0x0000000000407154                xopen
 .text.xfopen   0x0000000000407160       0x38 libbb/lib.a(xfuncs_printf.o)
                0x0000000000407160                xfopen
 .text.xstrdup  0x0000000000407198       0x38 libbb/lib.a(xfuncs_printf.o)
                0x0000000000407198                xstrdup
 .text.xrealloc
                0x00000000004071d0       0x3c libbb/lib.a(xfuncs_printf.o)
                0x00000000004071d0                xrealloc
 .text.xmalloc  0x000000000040720c       0x3c libbb/lib.a(xfuncs_printf.o)
                0x000000000040720c                xmalloc
 .text.xstrndup
                0x0000000000407248       0x64 libbb/lib.a(xfuncs_printf.o)
                0x0000000000407248                xstrndup
 .text.xzalloc  0x00000000004072ac       0x3c libbb/lib.a(xfuncs_printf.o)
                0x00000000004072ac                xzalloc
 .text.malloc_or_warn
                0x00000000004072e8       0x44 libbb/lib.a(xfuncs_printf.o)
                0x00000000004072e8                malloc_or_warn
 .text.bb_full_fd_action
                0x000000000040732c      0x120 libbb/lib.a(copyfd.o)
 .text.bb_copyfd_eof
                0x000000000040744c        0xc libbb/lib.a(copyfd.o)
                0x000000000040744c                bb_copyfd_eof
 .text.bb_copyfd_size
                0x0000000000407458       0x18 libbb/lib.a(copyfd.o)
                0x0000000000407458                bb_copyfd_size
 .text.bb_error_msg
                0x0000000000407470       0x34 libbb/lib.a(error_msg.o)
                0x0000000000407470                bb_error_msg
 .text.bb_perror_msg
                0x00000000004074a4       0x64 libbb/lib.a(perror_msg.o)
                0x00000000004074a4                bb_perror_msg
 .text.bb_simple_perror_msg
                0x0000000000407508       0x14 libbb/lib.a(perror_msg.o)
                0x0000000000407508                bb_simple_perror_msg
 .text.bb_perror_msg_and_die
                0x000000000040751c       0x5c libbb/lib.a(perror_msg_and_die.o)
                0x000000000040751c                bb_perror_msg_and_die
 .text.bb_simple_perror_msg_and_die
                0x0000000000407578       0x18 libbb/lib.a(perror_msg_and_die.o)
                0x0000000000407578                bb_simple_perror_msg_and_die
 .text.open_zipped
                0x0000000000407590        0xc libbb/lib.a(read.o)
                0x0000000000407590                open_zipped
 .text.safe_read
                0x000000000040759c       0x78 libbb/lib.a(read.o)
                0x000000000040759c                safe_read
 .text.full_read
                0x0000000000407614       0x80 libbb/lib.a(read.o)
                0x0000000000407614                full_read
 .text.xmalloc_read
                0x0000000000407694      0x138 libbb/lib.a(read.o)
                0x0000000000407694                xmalloc_read
 .text.xmalloc_open_zipped_read_close
                0x00000000004077cc       0x74 libbb/lib.a(read.o)
                0x00000000004077cc                xmalloc_open_zipped_read_close
 .text.read_close
                0x0000000000407840       0x3c libbb/lib.a(read.o)
                0x0000000000407840                read_close
 .text.open_read_close
                0x000000000040787c       0x4c libbb/lib.a(read.o)
                0x000000000040787c                open_read_close
 .text.xread    0x00000000004078c8       0x40 libbb/lib.a(read.o)
                0x00000000004078c8                xread
 .text.nonblock_safe_read
                0x0000000000407908       0xa8 libbb/lib.a(read.o)
                0x0000000000407908                nonblock_safe_read
 .text.safe_poll
                0x00000000004079b0       0xa0 libbb/lib.a(safe_poll.o)
                0x00000000004079b0                safe_poll
 .text.alarm_handler
                0x0000000000407a50       0x3c loginutils/lib.a(login.o)
 .text.login_main
                0x0000000000407a8c      0x5c8 loginutils/lib.a(login.o)
                0x0000000000407a8c                login_main
 .text.order_dep_list
                0x0000000000408054       0xbc modutils/lib.a(depmod.o)
 .text.xfreopen_write
                0x0000000000408110       0x44 modutils/lib.a(depmod.o)
 .text.parse_module
                0x0000000000408154      0x210 modutils/lib.a(depmod.o)
 .text.depmod_main
                0x0000000000408364      0x2d0 modutils/lib.a(depmod.o)
                0x0000000000408364                depmod_main
 .text.insmod_main
                0x0000000000408634       0x74 modutils/lib.a(insmod.o)
                0x0000000000408634                insmod_main
 .text.lsmod_main
                0x00000000004086a8      0x12c modutils/lib.a(lsmod.o)
                0x00000000004086a8                lsmod_main
 .text.add_option
                0x00000000004087d4       0x70 modutils/lib.a(modprobe.o)
 .text.read_config
                0x0000000000408844       0x38 modutils/lib.a(modprobe.o)
 .text.config_file_action
                0x000000000040887c      0x1d0 modutils/lib.a(modprobe.o)
 .text.do_modprobe
                0x0000000000408a4c      0x308 modutils/lib.a(modprobe.o)
 .text.modprobe_main
                0x0000000000408d54      0x2dc modutils/lib.a(modprobe.o)
                0x0000000000408d54                modprobe_main
 .text.bb_delete_module
                0x0000000000409030        0x8 modutils/lib.a(modutils.o)
                0x0000000000409030                bb_delete_module
 .text.bb_init_module
                0x0000000000409038       0x7c modutils/lib.a(modutils.o)
                0x0000000000409038                bb_init_module
 .text.parse_cmdline_module_options
                0x00000000004090b4       0xbc modutils/lib.a(modutils.o)
                0x00000000004090b4                parse_cmdline_module_options
 .text.moderror
                0x0000000000409170       0x88 modutils/lib.a(modutils.o)
                0x0000000000409170                moderror
 .text.filename2modname
                0x00000000004091f8       0x9c modutils/lib.a(modutils.o)
                0x00000000004091f8                filename2modname
 .text.string_to_llist
                0x0000000000409294       0x8c modutils/lib.a(modutils.o)
                0x0000000000409294                string_to_llist
 .text.llist_find
                0x0000000000409320       0x50 modutils/lib.a(modutils.o)
                0x0000000000409320                llist_find
 .text.rmmod_main
                0x0000000000409370      0x118 modutils/lib.a(rmmod.o)
                0x0000000000409370                rmmod_main
 .text.do_sethostname
                0x0000000000409488       0xd0 networking/lib.a(hostname.o)
 .text.hostname_main
                0x0000000000409558      0x16c networking/lib.a(hostname.o)
                0x0000000000409558                hostname_main
 .text.ifconfig_main
                0x00000000004096c4      0x514 networking/lib.a(ifconfig.o)
                0x00000000004096c4                ifconfig_main
 .text.get_afntype
                0x0000000000409bd8       0x28 networking/lib.a(interface.o)
 .text.hexchar2int
                0x0000000000409c00       0x30 networking/lib.a(interface.o)
 .text.ether_input
                0x0000000000409c30      0x104 networking/lib.a(interface.o)
 .text.get_hwntype
                0x0000000000409d34       0x2c networking/lib.a(interface.o)
                0x0000000000409d34                get_hwntype
 .text.add_interface
                0x0000000000409d60       0xb8 networking/lib.a(interface.o)
 .text.if_readconf
                0x0000000000409e18       0xf4 networking/lib.a(interface.o)
 .text.if_readlist_proc
                0x0000000000409f0c      0x30c networking/lib.a(interface.o)
 .text.do_if_fetch
                0x000000000040a218      0x364 networking/lib.a(interface.o)
 .text.print_bytes_scaled
                0x000000000040a57c       0x98 networking/lib.a(interface.o)
 .text.UNSPEC_print
                0x000000000040a614       0xa8 networking/lib.a(interface.o)
 .text.UNSPEC_sprint
                0x000000000040a6bc       0x30 networking/lib.a(interface.o)
 .text.INET6_input
                0x000000000040a6ec        0x8 networking/lib.a(interface.o)
 .text.INET_input
                0x000000000040a6f4        0xc networking/lib.a(interface.o)
 .text.INET_sprint
                0x000000000040a700       0x70 networking/lib.a(interface.o)
 .text.INET6_sprint
                0x000000000040a770       0x6c networking/lib.a(interface.o)
 .text.ife_print
                0x000000000040a7dc      0x638 networking/lib.a(interface.o)
 .text.display_interfaces
                0x000000000040ae14       0xf8 networking/lib.a(interface.o)
                0x000000000040ae14                display_interfaces
 .text.ether_print
                0x000000000040af0c       0x68 networking/lib.a(interface.o)
 .text.ip_main  0x000000000040af74       0x60 networking/lib.a(ip.o)
                0x000000000040af74                ip_main
 .text.ip_print_help
                0x000000000040afd4       0x10 networking/lib.a(ip.o)
 .text.sendping_tail
                0x000000000040afe4      0x134 networking/lib.a(ping.o)
 .text.sendping6
                0x000000000040b118       0xa8 networking/lib.a(ping.o)
 .text.sendping4
                0x000000000040b1c0      0x114 networking/lib.a(ping.o)
 .text.unpack_tail
                0x000000000040b2d4      0x184 networking/lib.a(ping.o)
 .text.ping6    0x000000000040b458      0x450 networking/lib.a(ping.o)
 .text.ping4    0x000000000040b8a8      0x2b4 networking/lib.a(ping.o)
 .text.print_stats_and_exit
                0x000000000040bb5c      0x154 networking/lib.a(ping.o)
 .text.ping_main
                0x000000000040bcb0      0x1b8 networking/lib.a(ping.o)
                0x000000000040bcb0                ping_main
 .text.ping6_main
                0x000000000040be68       0x1c networking/lib.a(ping.o)
                0x000000000040be68                ping6_main
 .text.set_flags
                0x000000000040be84       0x4c networking/lib.a(route.o)
 .text.kw_lookup
                0x000000000040bed0       0xa8 networking/lib.a(route.o)
 .text.INET6_displayroutes
                0x000000000040bf78      0x264 networking/lib.a(route.o)
 .text.bb_displayroutes
                0x000000000040c1dc      0x23c networking/lib.a(route.o)
                0x000000000040c1dc                bb_displayroutes
 .text.route_main
                0x000000000040c418      0x7c8 networking/lib.a(route.o)
                0x000000000040c418                route_main
 .text.make_new_session
                0x000000000040cbe0      0x208 networking/lib.a(telnetd.o)
 .text.free_session
                0x000000000040cde8       0xb8 networking/lib.a(telnetd.o)
 .text.telnetd_main
                0x000000000040cea0      0x770 networking/lib.a(telnetd.o)
                0x000000000040cea0                telnetd_main
 .text.handle_sigchld
                0x000000000040d610       0x64 networking/lib.a(telnetd.o)
 .text.tftp_main
                0x000000000040d674      0x59c networking/lib.a(tftp.o)
                0x000000000040d674                tftp_main
 .text.in_cksum
                0x000000000040dc10       0x54 networking/lib.a(traceroute.o)
 .text.freehostinfo
                0x000000000040dc64       0x34 networking/lib.a(traceroute.o)
 .text.ifaddrlist
                0x000000000040dc98      0x1f4 networking/lib.a(traceroute.o)
 .text.gethostinfo
                0x000000000040de8c      0x11c networking/lib.a(traceroute.o)
 .text.setsin   0x000000000040dfa8       0x1c networking/lib.a(traceroute.o)
 .text.findsaddr
                0x000000000040dfc4      0x1bc networking/lib.a(traceroute.o)
 .text.traceroute_main
                0x000000000040e180      0xc88 networking/lib.a(traceroute.o)
                0x000000000040e180                traceroute_main
 .text.ethctl_unlock
                0x000000000040ee08       0x14 networking/lib.a(vconfig.o)
                0x000000000040ee08                ethctl_unlock
 .text.xfind_str
                0x000000000040ee1c       0x60 networking/lib.a(vconfig.o)
 .text.ethctl_lock
                0x000000000040ee7c       0xc4 networking/lib.a(vconfig.o)
                0x000000000040ee7c                ethctl_lock
 .text.vconfig_main
                0x000000000040ef40      0x690 networking/lib.a(vconfig.o)
                0x000000000040ef40                vconfig_main
 .text.ip_parse_common_args
                0x000000000040f5d0      0x158 networking/libiproute/lib.a(ip_parse_common_args.o)
                0x000000000040f5d0                ip_parse_common_args
 .text.do_get_ioctl
                0x000000000040f728       0x7c networking/libiproute/lib.a(iptunnel.o)
 .text.parse_args
                0x000000000040f7a4      0x768 networking/libiproute/lib.a(iptunnel.o)
 .text.do_add_ioctl
                0x000000000040ff0c       0xb0 networking/libiproute/lib.a(iptunnel.o)
 .text.do_add   0x000000000040ffbc       0xac networking/libiproute/lib.a(iptunnel.o)
 .text.do_del_ioctl
                0x0000000000410068       0x78 networking/libiproute/lib.a(iptunnel.o)
 .text.print_tunnel
                0x00000000004100e0      0x33c networking/libiproute/lib.a(iptunnel.o)
 .text.do_tunnels_list
                0x000000000041041c      0x2f0 networking/libiproute/lib.a(iptunnel.o)
 .text.do_iptunnel
                0x000000000041070c      0x1bc networking/libiproute/lib.a(iptunnel.o)
                0x000000000041070c                do_iptunnel
 .text.rtnl_tab_initialize
                0x00000000004108c8       0xe8 networking/libiproute/lib.a(rt_names.o)
 .text.rtnl_rtdsfield_initialize
                0x00000000004109b0       0x5c networking/libiproute/lib.a(rt_names.o)
 .text.rtnl_dsfield_a2n
                0x0000000000410a0c      0x114 networking/libiproute/lib.a(rt_names.o)
                0x0000000000410a0c                rtnl_dsfield_a2n
 .text.rtnl_dsfield_n2a
                0x0000000000410b20       0x7c networking/libiproute/lib.a(rt_names.o)
                0x0000000000410b20                rtnl_dsfield_n2a
 .text.rt_addr_n2a
                0x0000000000410b9c       0x38 networking/libiproute/lib.a(utils.o)
                0x0000000000410b9c                rt_addr_n2a
 .text.format_host
                0x0000000000410bd4        0x8 networking/libiproute/lib.a(utils.o)
                0x0000000000410bd4                format_host
 .text.duparg2  0x0000000000410bdc       0x20 networking/libiproute/lib.a(utils.o)
                0x0000000000410bdc                duparg2
 .text.invarg   0x0000000000410bfc       0x20 networking/libiproute/lib.a(utils.o)
                0x0000000000410bfc                invarg
 .text.incomplete_command
                0x0000000000410c1c       0x14 networking/libiproute/lib.a(utils.o)
                0x0000000000410c1c                incomplete_command
 .text.get_addr_1
                0x0000000000410c30      0x140 networking/libiproute/lib.a(utils.o)
                0x0000000000410c30                get_addr_1
 .text.get_addr32
                0x0000000000410d70       0x54 networking/libiproute/lib.a(utils.o)
                0x0000000000410d70                get_addr32
 .text.get_unsigned
                0x0000000000410dc4       0x74 networking/libiproute/lib.a(utils.o)
                0x0000000000410dc4                get_unsigned
 .text.free_main
                0x0000000000410e38      0x1d4 procps/lib.a(free.o)
                0x0000000000410e38                free_main
 .text.kill_main
                0x000000000041100c      0x398 procps/lib.a(kill.o)
                0x000000000041100c                kill_main
 .text.ps_main  0x00000000004113a4      0x118 procps/lib.a(ps.o)
                0x00000000004113a4                ps_main
 .text.renice_main
                0x00000000004114bc      0x1f0 procps/lib.a(renice.o)
                0x00000000004114bc                renice_main
 .text.pid_sort
                0x00000000004116ac       0x10 procps/lib.a(top.o)
 .text.mem_sort
                0x00000000004116bc       0x24 procps/lib.a(top.o)
 .text.pcpu_sort
                0x00000000004116e0       0x10 procps/lib.a(top.o)
 .text.time_sort
                0x00000000004116f0       0x24 procps/lib.a(top.o)
 .text.mult_lvl_cmp
                0x0000000000411714       0x68 procps/lib.a(top.o)
 .text.topmem_sort
                0x000000000041177c       0x48 procps/lib.a(top.o)
 .text.reset_term
                0x00000000004117c4       0x10 procps/lib.a(top.o)
 .text.fmt_100percent_8
                0x00000000004117d4       0xc4 procps/lib.a(top.o)
 .text.display_process_list
                0x0000000000411898      0x728 procps/lib.a(top.o)
 .text.grab_number
                0x0000000000411fc0       0x68 procps/lib.a(top.o)
 .text.ulltoa6_and_space
                0x0000000000412028       0x34 procps/lib.a(top.o)
 .text.display_topmem_process_list
                0x000000000041205c      0x548 procps/lib.a(top.o)
 .text.clearmems
                0x00000000004125a4       0x40 procps/lib.a(top.o)
 .text.read_cpu_jiffy
                0x00000000004125e4      0x188 procps/lib.a(top.o)
 .text.get_jiffy_counts
                0x000000000041276c      0x148 procps/lib.a(top.o)
 .text.do_stats
                0x00000000004128b4       0xf8 procps/lib.a(top.o)
 .text.top_main
                0x00000000004129ac      0x62c procps/lib.a(top.o)
                0x00000000004129ac                top_main
 .text.sig_catcher
                0x0000000000412fd8       0x18 procps/lib.a(top.o)
 .text.uptime_main
                0x0000000000412ff0      0x150 procps/lib.a(uptime.o)
                0x0000000000412ff0                uptime_main
 .text.isdigit_str9
                0x0000000000413140       0x30 shell/lib.a(ash.o)
 .text.stunalloc
                0x0000000000413170       0x24 shell/lib.a(ash.o)
 .text.setstackmark
                0x0000000000413194       0x30 shell/lib.a(ash.o)
 .text.prefix   0x00000000004131c4       0x30 shell/lib.a(ash.o)
 .text.is_number
                0x00000000004131f4       0x2c shell/lib.a(ash.o)
 .text.varcmp   0x0000000000413220       0x4c shell/lib.a(ash.o)
 .text.varequal
                0x000000000041326c       0x20 shell/lib.a(ash.o)
 .text.hashvar  0x000000000041328c       0x50 shell/lib.a(ash.o)
 .text.vpcmp    0x00000000004132dc       0x10 shell/lib.a(ash.o)
 .text.findvar  0x00000000004132ec       0x54 shell/lib.a(ash.o)
 .text.setprompt
                0x0000000000413340       0x58 shell/lib.a(ash.o)
 .text.set_curjob
                0x0000000000413398       0x80 shell/lib.a(ash.o)
 .text.jobno    0x0000000000413418       0x24 shell/lib.a(ash.o)
 .text.getstatus
                0x000000000041343c       0x6c shell/lib.a(ash.o)
 .text.need_to_remember
                0x00000000004134a8       0x40 shell/lib.a(ash.o)
 .text.is_hidden_fd
                0x00000000004134e8       0x78 shell/lib.a(ash.o)
 .text.esclen   0x0000000000413560       0x2c shell/lib.a(ash.o)
 .text.falsecmd
                0x000000000041358c        0x8 shell/lib.a(ash.o)
 .text.truecmd  0x0000000000413594        0x8 shell/lib.a(ash.o)
 .text.bltincmd
                0x000000000041359c        0xc shell/lib.a(ash.o)
 .text.pungetc  0x00000000004135a8       0x24 shell/lib.a(ash.o)
 .text.raise_exception
                0x00000000004135cc       0x30 shell/lib.a(ash.o)
 .text.lookupvar
                0x00000000004135fc       0x54 shell/lib.a(ash.o)
 .text.SIT      0x0000000000413650       0xa4 shell/lib.a(ash.o)
 .text.bltinlookup
                0x00000000004136f4       0x74 shell/lib.a(ash.o)
 .text.calcsize
                0x0000000000413768      0x128 shell/lib.a(ash.o)
 .text.sizenodelist
                0x0000000000413890       0x4c shell/lib.a(ash.o)
 .text.endofname
                0x00000000004138dc       0x84 shell/lib.a(ash.o)
 .text.goodname
                0x0000000000413960       0x24 shell/lib.a(ash.o)
 .text.isassignment
                0x0000000000413984       0x3c shell/lib.a(ash.o)
 .text.freealias
                0x00000000004139c0       0x64 shell/lib.a(ash.o)
 .text.freefunc
                0x0000000000413a24       0x28 shell/lib.a(ash.o)
 .text.freeparam
                0x0000000000413a4c       0x60 shell/lib.a(ash.o)
 .text.scanright
                0x0000000000413aac       0xf0 shell/lib.a(ash.o)
 .text.scanleft
                0x0000000000413b9c       0xb8 shell/lib.a(ash.o)
 .text.__lookupalias
                0x0000000000413c54       0x94 shell/lib.a(ash.o)
 .text.lookupalias
                0x0000000000413ce8       0x3c shell/lib.a(ash.o)
 .text.msort    0x0000000000413d24       0xd8 shell/lib.a(ash.o)
 .text.pstrcmp  0x0000000000413dfc       0x10 shell/lib.a(ash.o)
 .text.ignoresig
                0x0000000000413e0c       0x60 shell/lib.a(ash.o)
 .text.setsignal
                0x0000000000413e6c      0x1f0 shell/lib.a(ash.o)
 .text.nodeckstrdup
                0x000000000041405c       0x60 shell/lib.a(ash.o)
 .text.copynode
                0x00000000004140bc      0x160 shell/lib.a(ash.o)
 .text.copynodelist
                0x000000000041421c       0x74 shell/lib.a(ash.o)
 .text.noclobberopen
                0x0000000000414290       0xe4 shell/lib.a(ash.o)
 .text.errmsg   0x0000000000414374       0x2c shell/lib.a(ash.o)
 .text.tokname  0x00000000004143a0       0x74 shell/lib.a(ash.o)
 .text.findkwd  0x0000000000414414       0x34 shell/lib.a(ash.o)
 .text.find_builtin
                0x0000000000414448       0x34 shell/lib.a(ash.o)
 .text.raise_interrupt
                0x000000000041447c       0x74 shell/lib.a(ash.o)
 .text.int_on   0x00000000004144f0       0x44 shell/lib.a(ash.o)
 .text.fmtstr   0x0000000000414534       0x48 shell/lib.a(ash.o)
 .text.sprint_status
                0x000000000041457c      0x114 shell/lib.a(ash.o)
 .text.removerecordregions
                0x0000000000414690      0x144 shell/lib.a(ash.o)
 .text.freejob  0x00000000004147d4       0xb8 shell/lib.a(ash.o)
 .text.unalias  0x000000000041488c       0x58 shell/lib.a(ash.o)
 .text.popstring
                0x00000000004148e4       0xe8 shell/lib.a(ash.o)
 .text.popfile  0x00000000004149cc       0xb4 shell/lib.a(ash.o)
 .text.popallfiles
                0x0000000000414a80       0x44 shell/lib.a(ash.o)
 .text.outstr   0x0000000000414ac4       0x2c shell/lib.a(ash.o)
 .text.out1str  0x0000000000414af0       0x10 shell/lib.a(ash.o)
 .text.flush_stderr
                0x0000000000414b00       0x34 shell/lib.a(ash.o)
 .text.out2str  0x0000000000414b34       0x20 shell/lib.a(ash.o)
 .text.stoppedjobs
                0x0000000000414b54       0x68 shell/lib.a(ash.o)
 .text.dowait   0x0000000000414bbc      0x1e0 shell/lib.a(ash.o)
 .text.popstackmark
                0x0000000000414d9c       0xa4 shell/lib.a(ash.o)
 .text.flush_stdout_stderr
                0x0000000000414e40       0x40 shell/lib.a(ash.o)
 .text.pgetc    0x0000000000414e80      0x2cc shell/lib.a(ash.o)
 .text.pgetc2   0x000000000041514c       0x2c shell/lib.a(ash.o)
 .text.delete_cmd_entry
                0x0000000000415178       0x64 shell/lib.a(ash.o)
 .text.out1fmt  0x00000000004151dc       0x50 shell/lib.a(ash.o)
 .text.printlim
                0x000000000041522c       0x48 shell/lib.a(ash.o)
 .text.timescmd
                0x0000000000415274       0xd4 shell/lib.a(ash.o)
 .text.clearcmdentry
                0x0000000000415348       0xd4 shell/lib.a(ash.o)
 .text.changepath
                0x000000000041541c      0x14c shell/lib.a(ash.o)
 .text.onsig    0x0000000000415568       0x68 shell/lib.a(ash.o)
 .text.force_int_on
                0x00000000004155d0       0x30 shell/lib.a(ash.o)
 .text.evalbltin
                0x0000000000415600      0x100 shell/lib.a(ash.o)
 .text.T.921    0x0000000000415700       0x88 shell/lib.a(ash.o)
 .text.showpipe
                0x0000000000415788       0x80 shell/lib.a(ash.o)
 .text.showjob  0x0000000000415808      0x220 shell/lib.a(ash.o)
 .text.showjobs
                0x0000000000415a28       0x98 shell/lib.a(ash.o)
 .text.ash_vmsg
                0x0000000000415ac0       0xe4 shell/lib.a(ash.o)
 .text.ash_msg  0x0000000000415ba4       0x30 shell/lib.a(ash.o)
 .text.ash_vmsg_and_raise
                0x0000000000415bd4       0x2c shell/lib.a(ash.o)
 .text.ash_msg_and_raise_error
                0x0000000000415c00       0x2c shell/lib.a(ash.o)
 .text.ckrealloc
                0x0000000000415c2c       0x2c shell/lib.a(ash.o)
 .text.ckmalloc
                0x0000000000415c58       0x10 shell/lib.a(ash.o)
 .text.ckzalloc
                0x0000000000415c68       0x28 shell/lib.a(ash.o)
 .text.recordregion
                0x0000000000415c90       0x94 shell/lib.a(ash.o)
 .text.cmdlookup
                0x0000000000415d24       0xf0 shell/lib.a(ash.o)
 .text.pushfile
                0x0000000000415e14       0x70 shell/lib.a(ash.o)
 .text.setinputstring
                0x0000000000415e84       0x68 shell/lib.a(ash.o)
 .text.pushstring
                0x0000000000415eec       0xcc shell/lib.a(ash.o)
 .text.tryexec  0x0000000000415fb8      0x120 shell/lib.a(ash.o)
 .text.makejob  0x00000000004160d8      0x1d4 shell/lib.a(ash.o)
 .text.varunset
                0x00000000004162ac       0x70 shell/lib.a(ash.o)
 .text.ckstrdup
                0x000000000041631c       0x2c shell/lib.a(ash.o)
 .text.setparam
                0x0000000000416348       0xa8 shell/lib.a(ash.o)
 .text.setvareq
                0x00000000004163f0      0x15c shell/lib.a(ash.o)
 .text.listsetvar
                0x000000000041654c       0x70 shell/lib.a(ash.o)
 .text.setvar   0x00000000004165bc      0x10c shell/lib.a(ash.o)
 .text.arith    0x00000000004166c8      0x744 shell/lib.a(ash.o)
 .text.arith_lookup_val
                0x0000000000416e0c       0xc0 shell/lib.a(ash.o)
 .text.unsetvar
                0x0000000000416ecc       0xe0 shell/lib.a(ash.o)
 .text.setpwd   0x0000000000416fac      0x108 shell/lib.a(ash.o)
 .text.localcmd
                0x00000000004170b4      0x18c shell/lib.a(ash.o)
 .text.xtcsetpgrp
                0x0000000000417240       0x2c shell/lib.a(ash.o)
 .text.waitforjob
                0x000000000041726c       0xa4 shell/lib.a(ash.o)
 .text.setjobctl
                0x0000000000417310      0x1cc shell/lib.a(ash.o)
 .text.optschanged
                0x00000000004174dc       0x60 shell/lib.a(ash.o)
 .text.copyfd   0x000000000041753c       0x78 shell/lib.a(ash.o)
 .text.popredir
                0x00000000004175b4      0x168 shell/lib.a(ash.o)
 .text.clearredir
                0x000000000041771c       0x50 shell/lib.a(ash.o)
 .text.raise_error_syntax
                0x000000000041776c       0x18 shell/lib.a(ash.o)
 .text.raise_error_unexpected_syntax
                0x0000000000417784       0x68 shell/lib.a(ash.o)
 .text.dash_arith
                0x00000000004177ec       0xa0 shell/lib.a(ash.o)
 .text.stalloc  0x000000000041788c       0xd0 shell/lib.a(ash.o)
 .text.ststrdup
                0x000000000041795c       0x38 shell/lib.a(ash.o)
 .text.stzalloc
                0x0000000000417994       0x28 shell/lib.a(ash.o)
 .text.addfname
                0x00000000004179bc       0x4c shell/lib.a(ash.o)
 .text.expmeta  0x0000000000417a08      0x314 shell/lib.a(ash.o)
 .text.makename
                0x0000000000417d1c       0x3c shell/lib.a(ash.o)
 .text.fixredir
                0x0000000000417d58       0xac shell/lib.a(ash.o)
 .text.growstackblock
                0x0000000000417e04      0x144 shell/lib.a(ash.o)
 .text.makestrspace
                0x0000000000417f48       0x5c shell/lib.a(ash.o)
 .text.memtodest
                0x0000000000417fa4       0xe0 shell/lib.a(ash.o)
 .text.stack_nputstr
                0x0000000000418084       0x4c shell/lib.a(ash.o)
 .text.stack_putstr
                0x00000000004180d0       0x34 shell/lib.a(ash.o)
 .text.cvtnum   0x0000000000418104       0x5c shell/lib.a(ash.o)
 .text.cmdputs  0x0000000000418160      0x29c shell/lib.a(ash.o)
 .text.cmdtxt   0x00000000004183fc      0x3b4 shell/lib.a(ash.o)
 .text.cmdlist  0x00000000004187b0       0x7c shell/lib.a(ash.o)
 .text.single_quote
                0x000000000041882c      0x100 shell/lib.a(ash.o)
 .text.printalias
                0x000000000041892c       0x38 shell/lib.a(ash.o)
 .text.aliascmd
                0x0000000000418964      0x1c4 shell/lib.a(ash.o)
 .text._rmescapes
                0x0000000000418b28      0x194 shell/lib.a(ash.o)
 .text.preglob  0x0000000000418cbc       0x18 shell/lib.a(ash.o)
 .text.growstackstr
                0x0000000000418cd4       0x60 shell/lib.a(ash.o)
 .text._STPUTC  0x0000000000418d34       0x3c shell/lib.a(ash.o)
 .text.listvars
                0x0000000000418d70       0xe4 shell/lib.a(ash.o)
 .text.showvars
                0x0000000000418e54      0x100 shell/lib.a(ash.o)
 .text.padvance
                0x0000000000418f54      0x170 shell/lib.a(ash.o)
 .text.readtoken1
                0x00000000004190c4     0x10f0 shell/lib.a(ash.o)
 .text.parseheredoc
                0x000000000041a1b4       0xd8 shell/lib.a(ash.o)
 .text.xxreadtoken
                0x000000000041a28c      0x270 shell/lib.a(ash.o)
 .text.readtoken
                0x000000000041a4fc      0x124 shell/lib.a(ash.o)
 .text.parsefname
                0x000000000041a620      0x1a4 shell/lib.a(ash.o)
 .text.peektoken
                0x000000000041a7c4       0x40 shell/lib.a(ash.o)
 .text.parse_command
                0x000000000041a804      0x748 shell/lib.a(ash.o)
 .text.pipeline
                0x000000000041af4c      0x120 shell/lib.a(ash.o)
 .text.list     0x000000000041b06c      0x224 shell/lib.a(ash.o)
 .text.parsecmd
                0x000000000041b290       0x78 shell/lib.a(ash.o)
 .text.forkshell
                0x000000000041b308      0x364 shell/lib.a(ash.o)
 .text.nextopt  0x000000000041b66c      0x108 shell/lib.a(ash.o)
 .text.cdopt    0x000000000041b774       0x60 shell/lib.a(ash.o)
 .text.pwdcmd   0x000000000041b7d4       0x68 shell/lib.a(ash.o)
 .text.unsetcmd
                0x000000000041b83c       0xdc shell/lib.a(ash.o)
 .text.unaliascmd
                0x000000000041b918      0x12c shell/lib.a(ash.o)
 .text.exportcmd
                0x000000000041ba44      0x104 shell/lib.a(ash.o)
 .text.number   0x000000000041bb48       0x34 shell/lib.a(ash.o)
 .text.returncmd
                0x000000000041bb7c       0x38 shell/lib.a(ash.o)
 .text.exitcmd  0x000000000041bbb4       0x4c shell/lib.a(ash.o)
 .text.shiftcmd
                0x000000000041bc00       0xc0 shell/lib.a(ash.o)
 .text.getjob   0x000000000041bcc0      0x1c8 shell/lib.a(ash.o)
 .text.waitcmd  0x000000000041be88      0x174 shell/lib.a(ash.o)
 .text.killcmd  0x000000000041bffc       0xcc shell/lib.a(ash.o)
 .text.jobscmd  0x000000000041c0c8       0xc8 shell/lib.a(ash.o)
 .text.fg_bgcmd
                0x000000000041c190      0x1a8 shell/lib.a(ash.o)
 .text.options  0x000000000041c338      0x2d4 shell/lib.a(ash.o)
 .text.setcmd   0x000000000041c60c       0x98 shell/lib.a(ash.o)
 .text.readcmd  0x000000000041c6a4      0x340 shell/lib.a(ash.o)
 .text.letcmd   0x000000000041c9e4       0x50 shell/lib.a(ash.o)
 .text.breakcmd
                0x000000000041ca34       0x90 shell/lib.a(ash.o)
 .text.umaskcmd
                0x000000000041cac4      0x200 shell/lib.a(ash.o)
 .text.ulimitcmd
                0x000000000041ccc4      0x234 shell/lib.a(ash.o)
 .text.setinputfile
                0x000000000041cef8      0x114 shell/lib.a(ash.o)
 .text.trapcmd  0x000000000041d00c      0x170 shell/lib.a(ash.o)
 .text.cdcmd    0x000000000041d17c      0x424 shell/lib.a(ash.o)
 .text.ash_msg_and_raise
                0x000000000041d5a0       0x20 shell/lib.a(ash.o)
 .text.shellexec
                0x000000000041d5c0      0x158 shell/lib.a(ash.o)
 .text.execcmd  0x000000000041d718       0x58 shell/lib.a(ash.o)
 .text.expandarg
                0x000000000041d770      0x48c shell/lib.a(ash.o)
 .text.expredir
                0x000000000041dbfc       0xf4 shell/lib.a(ash.o)
 .text.redirect
                0x000000000041dcf0      0x50c shell/lib.a(ash.o)
 .text.redirectsafe
                0x000000000041e1fc       0xb8 shell/lib.a(ash.o)
 .text.evaltree
                0x000000000041e2b4      0x434 shell/lib.a(ash.o)
 .text.argstr   0x000000000041e6e8      0x6a8 shell/lib.a(ash.o)
 .text.subevalvar
                0x000000000041ed90      0x5cc shell/lib.a(ash.o)
 .text.evalvar  0x000000000041f35c      0x738 shell/lib.a(ash.o)
 .text.evalstring
                0x000000000041fa94       0xa4 shell/lib.a(ash.o)
 .text.evalcmd  0x000000000041fb38       0xa8 shell/lib.a(ash.o)
 .text.exitshell
                0x000000000041fbe0       0x7c shell/lib.a(ash.o)
 .text.cmdloop  0x000000000041fc5c      0x14c shell/lib.a(ash.o)
 .text.find_command
                0x000000000041fda8      0x43c shell/lib.a(ash.o)
 .text.typecmd  0x00000000004201e4      0x2a8 shell/lib.a(ash.o)
 .text.hashcmd  0x000000000042048c      0x1e0 shell/lib.a(ash.o)
 .text.evalpipe
                0x000000000042066c      0x1fc shell/lib.a(ash.o)
 .text.dotcmd   0x0000000000420868      0x1a4 shell/lib.a(ash.o)
 .text.read_profile
                0x0000000000420a0c       0x44 shell/lib.a(ash.o)
 .text.ash_main
                0x0000000000420a50      0x620 shell/lib.a(ash.o)
                0x0000000000420a50                ash_main
 .text.evalloop
                0x0000000000421070      0x120 shell/lib.a(ash.o)
 .text.evalfun  0x0000000000421190      0x26c shell/lib.a(ash.o)
 .text.evalsubshell
                0x00000000004213fc       0xec shell/lib.a(ash.o)
 .text.evalcase
                0x00000000004214e8      0x190 shell/lib.a(ash.o)
 .text.evalfor  0x0000000000421678      0x154 shell/lib.a(ash.o)
 .text.evalcommand
                0x00000000004217cc      0x504 shell/lib.a(ash.o)
 .text.klogd_main
                0x0000000000421cd0      0x238 sysklogd/lib.a(klogd.o)
                0x0000000000421cd0                klogd_main
 .text.klogd_signal
                0x0000000000421f08       0x48 sysklogd/lib.a(klogd.o)
 .text.create_socket
                0x0000000000421f50       0xb8 sysklogd/lib.a(syslogd_and_logger.o)
 .text.log_locally
                0x0000000000422008      0x358 sysklogd/lib.a(syslogd_and_logger.o)
 .text.timestamp_and_log
                0x0000000000422360      0x1b4 sysklogd/lib.a(syslogd_and_logger.o)
 .text.timestamp_and_log_internal
                0x0000000000422514       0x30 sysklogd/lib.a(syslogd_and_logger.o)
 .text.syslogd_main
                0x0000000000422544      0x534 sysklogd/lib.a(syslogd_and_logger.o)
                0x0000000000422544                syslogd_main
 .text.quit_signal
                0x0000000000422a78       0x84 sysklogd/lib.a(syslogd_and_logger.o)
 .text.parse_mount_options
                0x0000000000422afc      0x160 util-linux/lib.a(mount.o)
 .text.append_mount_options
                0x0000000000422c5c      0x144 util-linux/lib.a(mount.o)
 .text.mount_it_now
                0x0000000000422da0      0x188 util-linux/lib.a(mount.o)
 .text.singlemount
                0x0000000000422f28      0x244 util-linux/lib.a(mount.o)
 .text.mount_main
                0x000000000042316c      0x454 util-linux/lib.a(mount.o)
                0x000000000042316c                mount_main
 .text.umount_main
                0x00000000004235c0      0x2fc util-linux/lib.a(umount.o)
                0x00000000004235c0                umount_main
 .text.unpack_bunzip2
                0x00000000004238bc       0x10 archival/lib.a(bbunzip.o)
 .text.open_to_or_warn
                0x00000000004238cc       0x48 archival/lib.a(bbunzip.o)
 .text.bbunpack
                0x0000000000423914      0x26c archival/lib.a(bbunzip.o)
                0x0000000000423914                bbunpack
 .text.bunzip2_main
                0x0000000000423b80       0x74 archival/lib.a(bbunzip.o)
                0x0000000000423b80                bunzip2_main
 .text.make_new_name_bunzip2
                0x0000000000423bf4       0x60 archival/lib.a(bbunzip.o)
 .text.dealloc_bunzip
                0x0000000000423c54       0x2c archival/libunarchive/lib.a(decompress_bunzip2.o)
                0x0000000000423c54                dealloc_bunzip
 .text.get_bits
                0x0000000000423c80      0x110 archival/libunarchive/lib.a(decompress_bunzip2.o)
 .text.start_bunzip
                0x0000000000423d90      0x10c archival/libunarchive/lib.a(decompress_bunzip2.o)
                0x0000000000423d90                start_bunzip
 .text.get_next_block
                0x0000000000423e9c      0x950 archival/libunarchive/lib.a(decompress_bunzip2.o)
 .text.read_bunzip
                0x00000000004247ec      0x1b8 archival/libunarchive/lib.a(decompress_bunzip2.o)
                0x00000000004247ec                read_bunzip
 .text.unpack_bz2_stream
                0x00000000004249a4      0x108 archival/libunarchive/lib.a(decompress_bunzip2.o)
                0x00000000004249a4                unpack_bz2_stream
 .text.unpack_bz2_stream_prime
                0x0000000000424aac       0x68 archival/libunarchive/lib.a(decompress_bunzip2.o)
                0x0000000000424aac                unpack_bz2_stream_prime
 .text.bb_cat   0x0000000000424b14       0x94 coreutils/lib.a(cat.o)
                0x0000000000424b14                bb_cat
 .text.cat_main
                0x0000000000424ba8       0x40 coreutils/lib.a(cat.o)
                0x0000000000424ba8                cat_main
 .text.chmod_main
                0x0000000000424be8      0x128 coreutils/lib.a(chmod.o)
                0x0000000000424be8                chmod_main
 .text.fileAction
                0x0000000000424d10       0xb0 coreutils/lib.a(chmod.o)
 .text.cp_main  0x0000000000424dc0      0x174 coreutils/lib.a(cp.o)
                0x0000000000424dc0                cp_main
 .text.cmpfunc  0x0000000000424f34       0x10 coreutils/lib.a(cut.o)
 .text.cut_main
                0x0000000000424f44      0x578 coreutils/lib.a(cut.o)
                0x0000000000424f44                cut_main
 .text.maybe_set_utc
                0x00000000004254bc       0x20 coreutils/lib.a(date.o)
 .text.date_main
                0x00000000004254dc      0x510 coreutils/lib.a(date.o)
                0x00000000004254dc                date_main
 .text.echo_main
                0x00000000004259ec      0x1d8 coreutils/lib.a(echo.o)
                0x00000000004259ec                echo_main
 .text.null     0x0000000000425bc4       0x40 coreutils/lib.a(expr.o)
 .text.tostring
                0x0000000000425c04       0x44 coreutils/lib.a(expr.o)
 .text.int_value
                0x0000000000425c48       0x2c coreutils/lib.a(expr.o)
 .text.str_value
                0x0000000000425c74       0x4c coreutils/lib.a(expr.o)
 .text.docolon  0x0000000000425cc0      0x128 coreutils/lib.a(expr.o)
 .text.toarith  0x0000000000425de8       0x74 coreutils/lib.a(expr.o)
 .text.arithmetic_common
                0x0000000000425e5c       0xc4 coreutils/lib.a(expr.o)
 .text.freev    0x0000000000425f20       0x38 coreutils/lib.a(expr.o)
 .text.nextarg  0x0000000000425f58       0x50 coreutils/lib.a(expr.o)
 .text.eval     0x0000000000425fa8       0x9c coreutils/lib.a(expr.o)
 .text.eval6    0x0000000000426044      0x2b8 coreutils/lib.a(expr.o)
 .text.eval5    0x00000000004262fc       0x9c coreutils/lib.a(expr.o)
 .text.eval4    0x0000000000426398       0xf0 coreutils/lib.a(expr.o)
 .text.eval3    0x0000000000426488       0xd0 coreutils/lib.a(expr.o)
 .text.eval2    0x0000000000426558      0x1e4 coreutils/lib.a(expr.o)
 .text.eval1    0x000000000042673c       0xbc coreutils/lib.a(expr.o)
 .text.expr_main
                0x00000000004267f8       0x88 coreutils/lib.a(expr.o)
                0x00000000004267f8                expr_main
 .text.false_main
                0x0000000000426880        0x8 coreutils/lib.a(false.o)
                0x0000000000426880                false_main
 .text.head_main
                0x0000000000426888      0x204 coreutils/lib.a(head.o)
                0x0000000000426888                head_main
 .text.ln_main  0x0000000000426a8c      0x274 coreutils/lib.a(ln.o)
                0x0000000000426a8c                ln_main
 .text.append_char
                0x0000000000426d00       0x64 coreutils/lib.a(ls.o)
 .text.count_dirs
                0x0000000000426d64       0x7c coreutils/lib.a(ls.o)
 .text.my_stat  0x0000000000426de0       0xb4 coreutils/lib.a(ls.o)
 .text.dnalloc  0x0000000000426e94       0x18 coreutils/lib.a(ls.o)
 .text.splitdnarray
                0x0000000000426eac      0x114 coreutils/lib.a(ls.o)
 .text.showfiles
                0x0000000000426fc0      0x5e8 coreutils/lib.a(ls.o)
 .text.dnsort   0x00000000004275a8       0x14 coreutils/lib.a(ls.o)
 .text.sortcmp  0x00000000004275bc       0xd8 coreutils/lib.a(ls.o)
 .text.showdirs
                0x0000000000427694      0x2cc coreutils/lib.a(ls.o)
 .text.ls_main  0x0000000000427960      0x3a8 coreutils/lib.a(ls.o)
                0x0000000000427960                ls_main
 .text.mkdir_main
                0x0000000000427d08       0xe8 coreutils/lib.a(mkdir.o)
                0x0000000000427d08                mkdir_main
 .text.get_width_prec
                0x0000000000427df0       0x50 coreutils/lib.a(printf.o)
 .text.conv_strtol
                0x0000000000427e40       0x30 coreutils/lib.a(printf.o)
 .text.multiconvert
                0x0000000000427e70       0x94 coreutils/lib.a(printf.o)
 .text.print_direc
                0x0000000000427f04      0x244 coreutils/lib.a(printf.o)
 .text.printf_main
                0x0000000000428148      0x410 coreutils/lib.a(printf.o)
                0x0000000000428148                printf_main
 .text.conv_strtoul
                0x0000000000428558       0x30 coreutils/lib.a(printf.o)
 .text.conv_strtod
                0x0000000000428588       0x54 coreutils/lib.a(printf.o)
 .text.rm_main  0x00000000004285dc      0x140 coreutils/lib.a(rm.o)
                0x00000000004285dc                rm_main
 .text.sleep_main
                0x000000000042871c       0x3c coreutils/lib.a(sleep.o)
                0x000000000042871c                sleep_main
 .text.eat_num  0x0000000000428758       0x34 coreutils/lib.a(tail.o)
 .text.tail_xprint_header
                0x000000000042878c       0x30 coreutils/lib.a(tail.o)
 .text.tail_read
                0x00000000004287bc       0xb4 coreutils/lib.a(tail.o)
 .text.tail_main
                0x0000000000428870      0x4f8 coreutils/lib.a(tail.o)
                0x0000000000428870                tail_main
 .text.check_operator
                0x0000000000428d68       0x90 coreutils/lib.a(test.o)
 .text.syntax   0x0000000000428df8       0x5c coreutils/lib.a(test.o)
 .text.getn     0x0000000000428e54       0x84 coreutils/lib.a(test.o)
 .text.binop    0x0000000000428ed8      0x1f8 coreutils/lib.a(test.o)
 .text.filstat  0x00000000004290d0      0x29c coreutils/lib.a(test.o)
 .text.nexpr    0x000000000042936c      0x1c4 coreutils/lib.a(test.o)
 .text.aexpr    0x0000000000429530       0x88 coreutils/lib.a(test.o)
 .text.oexpr    0x00000000004295b8       0x8c coreutils/lib.a(test.o)
 .text.test_main
                0x0000000000429644      0x16c coreutils/lib.a(test.o)
                0x0000000000429644                test_main
 .text.true_main
                0x00000000004297b0        0x8 coreutils/lib.a(true.o)
                0x00000000004297b0                true_main
 .text.wc_main  0x00000000004297b8      0x2ec coreutils/lib.a(wc.o)
                0x00000000004297b8                wc_main
 .text.cp_mv_stat2
                0x0000000000429aa4       0x80 coreutils/libcoreutils/lib.a(cp_mv_stat.o)
                0x0000000000429aa4                cp_mv_stat2
 .text.cp_mv_stat
                0x0000000000429b24       0x10 coreutils/libcoreutils/lib.a(cp_mv_stat.o)
                0x0000000000429b24                cp_mv_stat
 .text.hashidx  0x0000000000429b34       0x28 editors/lib.a(awk.o)
 .text.skip_spaces
                0x0000000000429b5c       0x64 editors/lib.a(awk.o)
 .text.nextword
                0x0000000000429bc0       0x20 editors/lib.a(awk.o)
 .text.rollback_token
                0x0000000000429be0       0x14 editors/lib.a(awk.o)
 .text.nextarg  0x0000000000429bf4       0x38 editors/lib.a(awk.o)
 .text.hash_init
                0x0000000000429c2c       0x40 editors/lib.a(awk.o)
 .text.iamarray
                0x0000000000429c6c       0x50 editors/lib.a(awk.o)
 .text.new_node
                0x0000000000429cbc       0x3c editors/lib.a(awk.o)
 .text.nvalloc  0x0000000000429cf8      0x104 editors/lib.a(awk.o)
 .text.qrealloc
                0x0000000000429dfc       0x54 editors/lib.a(awk.o)
 .text.clrvar   0x0000000000429e50       0x4c editors/lib.a(awk.o)
 .text.fsrealloc
                0x0000000000429e9c       0xd8 editors/lib.a(awk.o)
 .text.clear_array
                0x0000000000429f74       0x9c editors/lib.a(awk.o)
 .text.zero_out_var
                0x000000000042a010       0x1c editors/lib.a(awk.o)
 .text.chain_node
                0x000000000042a02c       0xa8 editors/lib.a(awk.o)
 .text.mk_re_node
                0x000000000042a0d4       0x68 editors/lib.a(awk.o)
 .text.mk_splitter
                0x000000000042a13c       0x8c editors/lib.a(awk.o)
 .text.my_strtod
                0x000000000042a1c8       0x10 editors/lib.a(awk.o)
 .text.getvar_i
                0x000000000042a1d8       0xb4 editors/lib.a(awk.o)
 .text.is_numeric
                0x000000000042a28c       0x30 editors/lib.a(awk.o)
 .text.istrue   0x000000000042a2bc       0x68 editors/lib.a(awk.o)
 .text.getvar_i_int
                0x000000000042a324       0x74 editors/lib.a(awk.o)
 .text.hash_search
                0x000000000042a398       0x80 editors/lib.a(awk.o)
 .text.hash_find
                0x000000000042a418      0x190 editors/lib.a(awk.o)
 .text.hash_remove
                0x000000000042a5a8       0xcc editors/lib.a(awk.o)
 .text.nextchar
                0x000000000042a674       0x74 editors/lib.a(awk.o)
 .text.syntax_error
                0x000000000042a6e8       0x2c editors/lib.a(awk.o)
 .text.fmt_num  0x000000000042a714      0x14c editors/lib.a(awk.o)
 .text.getvar_s
                0x000000000042a860       0xac editors/lib.a(awk.o)
 .text.handle_special
                0x000000000042a90c      0x230 editors/lib.a(awk.o)
 .text.setvar_p
                0x000000000042ab3c       0x3c editors/lib.a(awk.o)
 .text.setvar_s
                0x000000000042ab78       0x4c editors/lib.a(awk.o)
 .text.setvar_u
                0x000000000042abc4       0x34 editors/lib.a(awk.o)
 .text.is_assignment
                0x000000000042abf8       0xe4 editors/lib.a(awk.o)
 .text.setari_u
                0x000000000042acdc       0x70 editors/lib.a(awk.o)
 .text.setvar_i
                0x000000000042ad4c       0x5c editors/lib.a(awk.o)
 .text.incvar   0x000000000042ada8       0x48 editors/lib.a(awk.o)
 .text.awk_getline
                0x000000000042adf0      0x328 editors/lib.a(awk.o)
 .text.copyvar  0x000000000042b118       0x78 editors/lib.a(awk.o)
 .text.awk_split
                0x000000000042b190      0x2f0 editors/lib.a(awk.o)
 .text.split_f0
                0x000000000042b480      0x118 editors/lib.a(awk.o)
 .text.next_input_file
                0x000000000042b598      0x17c editors/lib.a(awk.o)
 .text.next_token
                0x000000000042b714      0x4f8 editors/lib.a(awk.o)
 .text.parse_expr
                0x000000000042bc0c      0x3fc editors/lib.a(awk.o)
 .text.condition
                0x000000000042c008       0x20 editors/lib.a(awk.o)
 .text.chain_expr
                0x000000000042c028       0x54 editors/lib.a(awk.o)
 .text.chain_group
                0x000000000042c07c      0x354 editors/lib.a(awk.o)
 .text.parse_program
                0x000000000042c3d0      0x20c editors/lib.a(awk.o)
 .text.chain_loop
                0x000000000042c5dc       0xc4 editors/lib.a(awk.o)
 .text.nvfree   0x000000000042c6a0      0x104 editors/lib.a(awk.o)
 .text.awk_exit
                0x000000000042c7a4       0xb8 editors/lib.a(awk.o)
 .text.evaluate
                0x000000000042c85c     0x1a44 editors/lib.a(awk.o)
 .text.as_regex
                0x000000000042e2a0       0xb4 editors/lib.a(awk.o)
 .text.awk_sub  0x000000000042e354      0x304 editors/lib.a(awk.o)
 .text.awk_printf
                0x000000000042e658      0x294 editors/lib.a(awk.o)
 .text.ptest    0x000000000042e8ec       0x28 editors/lib.a(awk.o)
 .text.awk_main
                0x000000000042e914      0x4cc editors/lib.a(awk.o)
                0x000000000042e914                awk_main
 .text.add_grep_list_data
                0x000000000042ede0       0x2c findutils/lib.a(grep.o)
 .text.T.25     0x000000000042ee0c       0x9c findutils/lib.a(grep.o)
 .text.grep_file
                0x000000000042eea8      0x268 findutils/lib.a(grep.o)
 .text.grep_main
                0x000000000042f110      0x30c findutils/lib.a(grep.o)
                0x000000000042f110                grep_main
 .text.file_action_grep
                0x000000000042f41c       0xa0 findutils/lib.a(grep.o)
 .text.halt_main
                0x000000000042f4bc      0x100 init/lib.a(halt.o)
                0x000000000042f4bc                halt_main
 .text.loop_forever
                0x000000000042f5bc       0x18 init/lib.a(init.o)
 .text.waitfor  0x000000000042f5d4       0x34 init/lib.a(init.o)
 .text.init_reboot
                0x000000000042f608       0x3c init/lib.a(init.o)
 .text.set_sane_term
                0x000000000042f644       0xa0 init/lib.a(init.o)
 .text.new_init_action
                0x000000000042f6e4       0xec init/lib.a(init.o)
 .text.delete_init_action
                0x000000000042f7d0       0x4c init/lib.a(init.o)
 .text.message  0x000000000042f81c       0xe0 init/lib.a(init.o)
 .text.parse_inittab
                0x000000000042f8fc      0x220 init/lib.a(init.o)
 .text.init_exec
                0x000000000042fb1c      0x15c init/lib.a(init.o)
 .text.stop_handler
                0x000000000042fc78       0x60 init/lib.a(init.o)
 .text.kill_all_processes
                0x000000000042fcd8       0xa8 init/lib.a(init.o)
 .text.halt_reboot_pwoff
                0x000000000042fd80       0x88 init/lib.a(init.o)
 .text.open_stdio_to_tty
                0x000000000042fe08       0xa4 init/lib.a(init.o)
 .text.run      0x000000000042feac      0x174 init/lib.a(init.o)
 .text.run_actions
                0x0000000000430020       0xb8 init/lib.a(init.o)
 .text.init_main
                0x00000000004300d8      0x388 init/lib.a(init.o)
                0x00000000004300d8                init_main
 .text.reload_signal
                0x0000000000430460       0x8c init/lib.a(init.o)
 .text.ctrlaltdel_signal
                0x00000000004304ec        0xc init/lib.a(init.o)
 .text.exec_restart_action
                0x00000000004304f8       0x78 init/lib.a(init.o)
 .text.bb_do_delay
                0x0000000000430570       0x94 libbb/lib.a(bb_do_delay.o)
                0x0000000000430570                bb_do_delay
 .text.ret_ERANGE
                0x0000000000430604       0x1c libbb/lib.a(bb_strtonum.o)
 .text.handle_errors
                0x0000000000430620       0x74 libbb/lib.a(bb_strtonum.o)
 .text.bb_strtol
                0x0000000000430694       0x88 libbb/lib.a(bb_strtonum.o)
                0x0000000000430694                bb_strtol
 .text.bb_strtoul
                0x000000000043071c       0x7c libbb/lib.a(bb_strtonum.o)
                0x000000000043071c                bb_strtoul
 .text.change_identity
                0x0000000000430798       0x54 libbb/lib.a(change_identity.o)
                0x0000000000430798                change_identity
 .text.nth_string
                0x00000000004307ec       0x48 libbb/lib.a(compare_string_array.o)
                0x00000000004307ec                nth_string
 .text.index_in_substrings
                0x0000000000430834       0x94 libbb/lib.a(compare_string_array.o)
                0x0000000000430834                index_in_substrings
 .text.index_in_strings
                0x00000000004308c8       0x74 libbb/lib.a(compare_string_array.o)
                0x00000000004308c8                index_in_strings
 .text.concat_path_file
                0x000000000043093c       0x78 libbb/lib.a(concat_path_file.o)
                0x000000000043093c                concat_path_file
 .text.ask_and_unlink
                0x00000000004309b4       0xa0 libbb/lib.a(copy_file.o)
 .text.copy_file
                0x0000000000430a54      0x654 libbb/lib.a(copy_file.o)
                0x0000000000430a54                copy_file
 .text.correct_password
                0x00000000004310a8       0xac libbb/lib.a(correct_password.o)
                0x00000000004310a8                correct_password
 .text.crc32_filltable
                0x0000000000431154       0xa0 libbb/lib.a(crc32.o)
                0x0000000000431154                crc32_filltable
 .text.create_icmp6_socket
                0x00000000004311f4       0x74 libbb/lib.a(create_icmp6_socket.o)
                0x00000000004311f4                create_icmp6_socket
 .text.create_icmp_socket
                0x0000000000431268       0x74 libbb/lib.a(create_icmp_socket.o)
                0x0000000000431268                create_icmp_socket
 .text.device_open
                0x00000000004312dc       0xa4 libbb/lib.a(device_open.o)
                0x00000000004312dc                device_open
 .text.bb_execvp
                0x0000000000431380       0x3c libbb/lib.a(execable.o)
                0x0000000000431380                bb_execvp
 .text.fclose_if_not_stdin
                0x00000000004313bc       0x64 libbb/lib.a(fclose_nonstdin.o)
                0x00000000004313bc                fclose_if_not_stdin
 .text.fflush_stdout_and_exit
                0x0000000000431420       0x4c libbb/lib.a(fflush_stdout_and_exit.o)
                0x0000000000431420                fflush_stdout_and_exit
 .text.find_pid_by_name
                0x000000000043146c      0x140 libbb/lib.a(find_pid_by_name.o)
                0x000000000043146c                find_pid_by_name
 .text.bb_get_chunk_with_continuation
                0x00000000004315ac      0x170 libbb/lib.a(get_line_from_file.o)
                0x00000000004315ac                bb_get_chunk_with_continuation
 .text.bb_get_chunk_from_file
                0x000000000043171c        0xc libbb/lib.a(get_line_from_file.o)
                0x000000000043171c                bb_get_chunk_from_file
 .text.xmalloc_fgetline
                0x0000000000431728       0x40 libbb/lib.a(get_line_from_file.o)
                0x0000000000431728                xmalloc_fgetline
 .text.getopt32
                0x0000000000431768      0x550 libbb/lib.a(getopt32.o)
                0x0000000000431768                getopt32
 .text.xgetpty  0x0000000000431cb8       0x84 libbb/lib.a(getpty.o)
                0x0000000000431cb8                xgetpty
 .text.INET6_rresolve
                0x0000000000431d3c       0xf8 libbb/lib.a(inet_common.o)
                0x0000000000431d3c                INET6_rresolve
 .text.INET6_resolve
                0x0000000000431e34       0xa4 libbb/lib.a(inet_common.o)
                0x0000000000431e34                INET6_resolve
 .text.INET_rresolve
                0x0000000000431ed8      0x18c libbb/lib.a(inet_common.o)
                0x0000000000431ed8                INET_rresolve
 .text.INET_resolve
                0x0000000000432064       0xa0 libbb/lib.a(inet_common.o)
                0x0000000000432064                INET_resolve
 .text.bb_info_msg
                0x0000000000432104       0x88 libbb/lib.a(info_msg.o)
                0x0000000000432104                bb_info_msg
 .text.is_in_ino_dev_hashtable
                0x000000000043218c       0x74 libbb/lib.a(inode_hash.o)
                0x000000000043218c                is_in_ino_dev_hashtable
 .text.add_to_ino_dev_hashtable
                0x0000000000432200       0xc4 libbb/lib.a(inode_hash.o)
                0x0000000000432200                add_to_ino_dev_hashtable
 .text.is_directory
                0x00000000004322c4       0x5c libbb/lib.a(isdirectory.o)
                0x00000000004322c4                is_directory
 .text.new_line_input_t
                0x0000000000432320       0x2c libbb/lib.a(lineedit.o)
                0x0000000000432320                new_line_input_t
 .text.put_prompt
                0x000000000043234c       0x5c libbb/lib.a(lineedit.o)
 .text.parse_and_put_prompt
                0x00000000004323a8       0x30 libbb/lib.a(lineedit.o)